../Core/Src/motors_24h055m020/motors_24h055m020.c:41:17:tim_apb1_clk_hz	40	static
../Core/Src/motors_24h055m020/motors_24h055m020.c:52:13:compute_psc_arr	40	static
../Core/Src/motors_24h055m020/motors_24h055m020.c:74:17:pct_to_freq_hz	24	static
../Core/Src/motors_24h055m020/motors_24h055m020.c:85:13:pwm_set_freq_50pct	32	static
../Core/Src/motors_24h055m020/motors_24h055m020.c:112:13:motor_set_dir_left	16	static
../Core/Src/motors_24h055m020/motors_24h055m020.c:118:13:motor_set_dir_right	16	static
../Core/Src/motors_24h055m020/motors_24h055m020.c:125:6:Motors_SetEnable	16	static
../Core/Src/motors_24h055m020/motors_24h055m020.c:134:6:Motors_Init	8	static
../Core/Src/motors_24h055m020/motors_24h055m020.c:154:6:Motors_Speed_inPercent	40	static
../Core/Src/motors_24h055m020/motors_24h055m020.c:231:21:clampf	24	static
../Core/Src/motors_24h055m020/motors_24h055m020.c:238:6:Motors_Control	104	static
