../Core/Src/motor_control/motor_control.c:37:17:tim_apb1_clk_hz	40	static
../Core/Src/motor_control/motor_control.c:48:13:compute_psc_arr	40	static
../Core/Src/motor_control/motor_control.c:70:17:pct_to_freq_hz	24	static
../Core/Src/motor_control/motor_control.c:81:13:pwm_set_freq_50pct	32	static
../Core/Src/motor_control/motor_control.c:108:13:motor_set_dir_left	16	static
../Core/Src/motor_control/motor_control.c:114:13:motor_set_dir_right	16	static
../Core/Src/motor_control/motor_control.c:121:6:Motors_Brake	16	static
../Core/Src/motor_control/motor_control.c:135:6:Motors_Init	8	static
../Core/Src/motor_control/motor_control.c:153:6:Motors_Speed_inPercent	40	static
../Core/Src/motor_control/motor_control.c:203:6:Motors_Control	24	static
