../Core/Src/motor_control/motor_control.c:12:17:tim_clk_hz	40	static
../Core/Src/motor_control/motor_control.c:22:13:compute_psc_arr	40	static
../Core/Src/motor_control/motor_control.c:48:13:apply_freq_and_50pct	32	static
../Core/Src/motor_control/motor_control.c:73:6:Motors_Init	8	static
../Core/Src/motor_control/motor_control.c:85:13:pwm_start_if_needed	16	static
../Core/Src/motor_control/motor_control.c:98:13:pwm_stop_if_running	8	static
../Core/Src/motor_control/motor_control.c:108:6:Motors_Update	40	static
