Archive member included to satisfy reference by file (symbol)

C:/ST/STM32CubeIDE_1.19.0/STM32CubeIDE/plugins/com.st.stm32cube.ide.mcu.externaltools.gnu-tools-for-stm32.13.3.rel1.win32_1.0.0.202411081344/tools/bin/../lib/gcc/arm-none-eabi/13.3.1/../../../../arm-none-eabi/lib/thumb/v7e-m+fp/hard\libc_nano.a(libc_a-exit.o)
                              C:/ST/STM32CubeIDE_1.19.0/STM32CubeIDE/plugins/com.st.stm32cube.ide.mcu.externaltools.gnu-tools-for-stm32.13.3.rel1.win32_1.0.0.202411081344/tools/bin/../lib/gcc/arm-none-eabi/13.3.1/../../../../arm-none-eabi/lib/thumb/v7e-m+fp/hard/crt0.o (exit)
C:/ST/STM32CubeIDE_1.19.0/STM32CubeIDE/plugins/com.st.stm32cube.ide.mcu.externaltools.gnu-tools-for-stm32.13.3.rel1.win32_1.0.0.202411081344/tools/bin/../lib/gcc/arm-none-eabi/13.3.1/../../../../arm-none-eabi/lib/thumb/v7e-m+fp/hard\libc_nano.a(libc_a-findfp.o)
                              C:/ST/STM32CubeIDE_1.19.0/STM32CubeIDE/plugins/com.st.stm32cube.ide.mcu.externaltools.gnu-tools-for-stm32.13.3.rel1.win32_1.0.0.202411081344/tools/bin/../lib/gcc/arm-none-eabi/13.3.1/../../../../arm-none-eabi/lib/thumb/v7e-m+fp/hard\libc_nano.a(libc_a-exit.o) (__stdio_exit_handler)
C:/ST/STM32CubeIDE_1.19.0/STM32CubeIDE/plugins/com.st.stm32cube.ide.mcu.externaltools.gnu-tools-for-stm32.13.3.rel1.win32_1.0.0.202411081344/tools/bin/../lib/gcc/arm-none-eabi/13.3.1/../../../../arm-none-eabi/lib/thumb/v7e-m+fp/hard\libc_nano.a(libc_a-fwalk.o)
                              C:/ST/STM32CubeIDE_1.19.0/STM32CubeIDE/plugins/com.st.stm32cube.ide.mcu.externaltools.gnu-tools-for-stm32.13.3.rel1.win32_1.0.0.202411081344/tools/bin/../lib/gcc/arm-none-eabi/13.3.1/../../../../arm-none-eabi/lib/thumb/v7e-m+fp/hard\libc_nano.a(libc_a-findfp.o) (_fwalk_sglue)
C:/ST/STM32CubeIDE_1.19.0/STM32CubeIDE/plugins/com.st.stm32cube.ide.mcu.externaltools.gnu-tools-for-stm32.13.3.rel1.win32_1.0.0.202411081344/tools/bin/../lib/gcc/arm-none-eabi/13.3.1/../../../../arm-none-eabi/lib/thumb/v7e-m+fp/hard\libc_nano.a(libc_a-stdio.o)
                              C:/ST/STM32CubeIDE_1.19.0/STM32CubeIDE/plugins/com.st.stm32cube.ide.mcu.externaltools.gnu-tools-for-stm32.13.3.rel1.win32_1.0.0.202411081344/tools/bin/../lib/gcc/arm-none-eabi/13.3.1/../../../../arm-none-eabi/lib/thumb/v7e-m+fp/hard\libc_nano.a(libc_a-findfp.o) (__sread)
C:/ST/STM32CubeIDE_1.19.0/STM32CubeIDE/plugins/com.st.stm32cube.ide.mcu.externaltools.gnu-tools-for-stm32.13.3.rel1.win32_1.0.0.202411081344/tools/bin/../lib/gcc/arm-none-eabi/13.3.1/../../../../arm-none-eabi/lib/thumb/v7e-m+fp/hard\libc_nano.a(libc_a-memset.o)
                              C:/ST/STM32CubeIDE_1.19.0/STM32CubeIDE/plugins/com.st.stm32cube.ide.mcu.externaltools.gnu-tools-for-stm32.13.3.rel1.win32_1.0.0.202411081344/tools/bin/../lib/gcc/arm-none-eabi/13.3.1/../../../../arm-none-eabi/lib/thumb/v7e-m+fp/hard/crt0.o (memset)
C:/ST/STM32CubeIDE_1.19.0/STM32CubeIDE/plugins/com.st.stm32cube.ide.mcu.externaltools.gnu-tools-for-stm32.13.3.rel1.win32_1.0.0.202411081344/tools/bin/../lib/gcc/arm-none-eabi/13.3.1/../../../../arm-none-eabi/lib/thumb/v7e-m+fp/hard\libc_nano.a(libc_a-closer.o)
                              C:/ST/STM32CubeIDE_1.19.0/STM32CubeIDE/plugins/com.st.stm32cube.ide.mcu.externaltools.gnu-tools-for-stm32.13.3.rel1.win32_1.0.0.202411081344/tools/bin/../lib/gcc/arm-none-eabi/13.3.1/../../../../arm-none-eabi/lib/thumb/v7e-m+fp/hard\libc_nano.a(libc_a-stdio.o) (_close_r)
C:/ST/STM32CubeIDE_1.19.0/STM32CubeIDE/plugins/com.st.stm32cube.ide.mcu.externaltools.gnu-tools-for-stm32.13.3.rel1.win32_1.0.0.202411081344/tools/bin/../lib/gcc/arm-none-eabi/13.3.1/../../../../arm-none-eabi/lib/thumb/v7e-m+fp/hard\libc_nano.a(libc_a-reent.o)
                              C:/ST/STM32CubeIDE_1.19.0/STM32CubeIDE/plugins/com.st.stm32cube.ide.mcu.externaltools.gnu-tools-for-stm32.13.3.rel1.win32_1.0.0.202411081344/tools/bin/../lib/gcc/arm-none-eabi/13.3.1/../../../../arm-none-eabi/lib/thumb/v7e-m+fp/hard\libc_nano.a(libc_a-closer.o) (errno)
C:/ST/STM32CubeIDE_1.19.0/STM32CubeIDE/plugins/com.st.stm32cube.ide.mcu.externaltools.gnu-tools-for-stm32.13.3.rel1.win32_1.0.0.202411081344/tools/bin/../lib/gcc/arm-none-eabi/13.3.1/../../../../arm-none-eabi/lib/thumb/v7e-m+fp/hard\libc_nano.a(libc_a-impure.o)
                              C:/ST/STM32CubeIDE_1.19.0/STM32CubeIDE/plugins/com.st.stm32cube.ide.mcu.externaltools.gnu-tools-for-stm32.13.3.rel1.win32_1.0.0.202411081344/tools/bin/../lib/gcc/arm-none-eabi/13.3.1/../../../../arm-none-eabi/lib/thumb/v7e-m+fp/hard\libc_nano.a(libc_a-reent.o) (_impure_ptr)
C:/ST/STM32CubeIDE_1.19.0/STM32CubeIDE/plugins/com.st.stm32cube.ide.mcu.externaltools.gnu-tools-for-stm32.13.3.rel1.win32_1.0.0.202411081344/tools/bin/../lib/gcc/arm-none-eabi/13.3.1/../../../../arm-none-eabi/lib/thumb/v7e-m+fp/hard\libc_nano.a(libc_a-lseekr.o)
[...]
Memory Configuration

Name             Origin             Length             Attributes
CCMRAM           0x10000000         0x00001000         xrw
RAM              0x20000000         0x00003000         xrw
FLASH            0x08000000         0x00010000         xr
*default*        0x00000000         0xffffffff

Linker script and memory map

LOAD C:/ST/STM32CubeIDE_1.19.0/STM32CubeIDE/plugins/com.st.stm32cube.ide.mcu.externaltools.gnu-tools-for-stm32.13.3.rel1.win32_1.0.0.202411081344/tools/bin/../lib/gcc/arm-none-eabi/13.3.1/thumb/v7e-m+fp/hard/crti.o
LOAD C:/ST/STM32CubeIDE_1.19.0/STM32CubeIDE/plugins/com.st.stm32cube.ide.mcu.externaltools.gnu-tools-for-stm32.13.3.rel1.win32_1.0.0.202411081344/tools/bin/../lib/gcc/arm-none-eabi/13.3.1/thumb/v7e-m+fp/hard/crtbegin.o
LOAD C:/ST/STM32CubeIDE_1.19.0/STM32CubeIDE/plugins/com.st.stm32cube.ide.mcu.externaltools.gnu-tools-for-stm32.13.3.rel1.win32_1.0.0.202411081344/tools/bin/../lib/gcc/arm-none-eabi/13.3.1/../../../../arm-none-eabi/lib/thumb/v7e-m+fp/hard/crt0.o
LOAD ./Core/Src/comm_rpizero2w/comm_rpizero2w.o
LOAD ./Core/Src/gpio.o
LOAD ./Core/Src/i2c.o
LOAD ./Core/Src/main.o
LOAD ./Core/Src/stm32f3xx_hal_msp.o
LOAD ./Core/Src/stm32f3xx_it.o
LOAD ./Core/Src/syscalls.o
LOAD ./Core/Src/sysmem.o
LOAD ./Core/Src/system_stm32f3xx.o
LOAD ./Core/Src/tim.o
LOAD ./Core/Src/usart.o
LOAD ./Core/Src/imu_mpu6500/imu_mpu6500.o
LOAD ./Core/Src/motors_24h055m020/motors_24h055m020.o
LOAD ./Core/Src/ultrasonic_hcsr04/ultrasonic_hcsr04.o
LOAD ./Core/Startup/startup_stm32f303k8tx.o
LOAD ./Drivers/STM32F3xx_HAL_Driver/Src/stm32f3xx_hal.o
LOAD ./Drivers/STM32F3xx_HAL_Driver/Src/stm32f3xx_hal_cortex.o
LOAD ./Drivers/STM32F3xx_HAL_Driver/Src/stm32f3xx_hal_dma.o
LOAD ./Drivers/STM32F3xx_HAL_Driver/Src/stm32f3xx_hal_exti.o
LOAD ./Drivers/STM32F3xx_HAL_Driver/Src/stm32f3xx_hal_flash.o
LOAD ./Drivers/STM32F3xx_HAL_Driver/Src/stm32f3xx_hal_flash_ex.o
LOAD ./Drivers/STM32F3xx_HAL_Driver/Src/stm32f3xx_hal_gpio.o
LOAD ./Drivers/STM32F3xx_HAL_Driver/Src/stm32f3xx_hal_i2c.o
LOAD ./Drivers/STM32F3xx_HAL_Driver/Src/stm32f3xx_hal_i2c_ex.o
LOAD ./Drivers/STM32F3xx_HAL_Driver/Src/stm32f3xx_hal_pwr.o
LOAD ./Drivers/STM32F3xx_HAL_Driver/Src/stm32f3xx_hal_pwr_ex.o
LOAD ./Drivers/STM32F3xx_HAL_Driver/Src/stm32f3xx_hal_rcc.o
LOAD ./Drivers/STM32F3xx_HAL_Driver/Src/stm32f3xx_hal_rcc_ex.o
LOAD ./Drivers/STM32F3xx_HAL_Driver/Src/stm32f3xx_hal_tim.o
LOAD ./Drivers/STM32F3xx_HAL_Driver/Src/stm32f3xx_hal_tim_ex.o
LOAD ./Drivers/STM32F3xx_HAL_Driver/Src/stm32f3xx_hal_uart.o
LOAD ./Drivers/STM32F3xx_HAL_Driver/Src/stm32f3xx_hal_uart_ex.o
START GROUP
LOAD C:/ST/STM32CubeIDE_1.19.0/STM32CubeIDE/plugins/com.st.stm32cube.ide.mcu.externaltools.gnu-tools-for-stm32.13.3.rel1.win32_1.0.0.202411081344/tools/bin/../lib/gcc/arm-none-eabi/13.3.1/../../../../arm-none-eabi/lib/thumb/v7e-m+fp/hard\libc_nano.a
LOAD C:/ST/STM32CubeIDE_1.19.0/STM32CubeIDE/plugins/com.st.stm32cube.ide.mcu.externaltools.gnu-tools-for-stm32.13.3.rel1.win32_1.0.0.202411081344/tools/bin/../lib/gcc/arm-none-eabi/13.3.1/../../../../arm-none-eabi/lib/thumb/v7e-m+fp/hard\libm.a
END GROUP
START GROUP
LOAD C:/ST/STM32CubeIDE_1.19.0/STM32CubeIDE/plugins/com.st.stm32cube.ide.mcu.externaltools.gnu-tools-for-stm32.13.3.rel1.win32_1.0.0.202411081344/tools/bin/../lib/gcc/arm-none-eabi/13.3.1/thumb/v7e-m+fp/hard\libgcc.a
LOAD C:/ST/STM32CubeIDE_1.19.0/STM32CubeIDE/plugins/com.st.stm32cube.ide.mcu.externaltools.gnu-tools-for-stm32.13.3.rel1.win32_1.0.0.202411081344/tools/bin/../lib/gcc/arm-none-eabi/13.3.1/../../../../arm-none-eabi/lib/thumb/v7e-m+fp/hard\libc_nano.a
END GROUP
START GROUP
LOAD C:/ST/STM32CubeIDE_1.19.0/STM32CubeIDE/plugins/com.st.stm32cube.ide.mcu.externaltools.gnu-tools-for-stm32.13.3.rel1.win32_1.0.0.202411081344/tools/bin/../lib/gcc/arm-none-eabi/13.3.1/thumb/v7e-m+fp/hard\libgcc.a
LOAD C:/ST/STM32CubeIDE_1.19.0/STM32CubeIDE/plugins/com.st.stm32cube.ide.mcu.externaltools.gnu-tools-for-stm32.13.3.rel1.win32_1.0.0.202411081344/tools/bin/../lib/gcc/arm-none-eabi/13.3.1/../../../../arm-none-eabi/lib/thumb/v7e-m+fp/hard\libc_nano.a
LOAD C:/ST/STM32CubeIDE_1.19.0/STM32CubeIDE/plugins/com.st.stm32cube.ide.mcu.externaltools.gnu-tools-for-stm32.13.3.rel1.win32_1.0.0.202411081344/tools/bin/../lib/gcc/arm-none-eabi/13.3.1/../../../../arm-none-eabi/lib/thumb/v7e-m+fp/hard\libnosys.a
END GROUP
START GROUP
LOAD C:/ST/STM32CubeIDE_1.19.0/STM32CubeIDE/plugins/com.st.stm32cube.ide.mcu.externaltools.gnu-tools-for-stm32.13.3.rel1.win32_1.0.0.202411081344/tools/bin/../lib/gcc/arm-none-eabi/13.3.1/thumb/v7e-m+fp/hard\libgcc.a
LOAD C:/ST/STM32CubeIDE_1.19.0/STM32CubeIDE/plugins/com.st.stm32cube.ide.mcu.externaltools.gnu-tools-for-stm32.13.3.rel1.win32_1.0.0.202411081344/tools/bin/../lib/gcc/arm-none-eabi/13.3.1/../../../../arm-none-eabi/lib/thumb/v7e-m+fp/hard\libc_nano.a
LOAD C:/ST/STM32CubeIDE_1.19.0/STM32CubeIDE/plugins/com.st.stm32cube.ide.mcu.externaltools.gnu-tools-for-stm32.13.3.rel1.win32_1.0.0.202411081344/tools/bin/../lib/gcc/arm-none-eabi/13.3.1/../../../../arm-none-eabi/lib/thumb/v7e-m+fp/hard\libnosys.a
END GROUP
LOAD C:/ST/STM32CubeIDE_1.19.0/STM32CubeIDE/plugins/com.st.stm32cube.ide.mcu.externaltools.gnu-tools-for-stm32.13.3.rel1.win32_1.0.0.202411081344/tools/bin/../lib/gcc/arm-none-eabi/13.3.1/thumb/v7e-m+fp/hard/crtend.o
LOAD C:/ST/STM32CubeIDE_1.19.0/STM32CubeIDE/plugins/com.st.stm32cube.ide.mcu.externaltools.gnu-tools-for-stm32.13.3.rel1.win32_1.0.0.202411081344/tools/bin/../lib/gcc/arm-none-eabi/13.3.1/thumb/v7e-m+fp/hard/crtn.o
                0x20003000                        _estack = (ORIGIN (RAM) + LENGTH (RAM))
                0x00000200                        _Min_Heap_Size = 0x200
                0x00000400                        _Min_Stack_Size = 0x400

.isr_vector     0x08000000      0x188
                0x08000000                        . = ALIGN (0x4)
 *(.isr_vector)
 .isr_vector    0x08000000      0x188 ./Core/Startup/startup_stm32f303k8tx.o
                0x08000000                g_pfnVectors
                0x08000188                        . = ALIGN (0x4)

.text           0x08000188     0x6d14
                0x08000188                        . = ALIGN (0x4)
 *(.text)
 .text          0x08000188       0x40 C:/ST/STM32CubeIDE_1.19.0/STM32CubeIDE/plugins/com.st.stm32cube.ide.mcu.externaltools.gnu-tools-for-stm32.13.3.rel1.win32_1.0.0.202411081344/tools/bin/../lib/gcc/arm-none-eabi/13.3.1/thumb/v7e-m+fp/hard/crtbegin.o
 *(.text*)
 .text.StartRx  0x080001c8       0x1c ./Core/Src/comm_rpizero2w/comm_rpizero2w.o
 .text.Comm_Init
                0x080001e4       0x30 ./Core/Src/comm_rpizero2w/comm_rpizero2w.o
                0x080001e4                Comm_Init
 .text.HAL_UART_RxCpltCallback
                0x08000214       0xd4 ./Core/Src/comm_rpizero2w/comm_rpizero2w.o
                0x08000214                HAL_UART_RxCpltCallback
 .text.checksum_xor
                0x080002e8       0x40 ./Core/Src/comm_rpizero2w/comm_rpizero2w.o
 .text.Comm_SendTelem8
                0x08000328       0x54 ./Core/Src/comm_rpizero2w/comm_rpizero2w.o
                0x08000328                Comm_SendTelem8
 .text.HAL_UART_ErrorCallback
                0x0800037c       0x30 ./Core/Src/comm_rpizero2w/comm_rpizero2w.o
                0x0800037c                HAL_UART_ErrorCallback
 .text.MX_GPIO_Init
                0x080003ac       0xac ./Core/Src/gpio.o
                0x080003ac                MX_GPIO_Init
 .text.MX_I2C1_Init
                0x08000458       0x80 ./Core/Src/i2c.o
                0x08000458                MX_I2C1_Init
 .text.HAL_I2C_MspInit
                0x080004d8       0x88 ./Core/Src/i2c.o
                0x080004d8                HAL_I2C_MspInit
 .text.main     0x08000560       0xc0 ./Core/Src/main.o
                0x08000560                main
 .text.SystemClock_Config
                0x08000620       0xba ./Core/Src/main.o
                0x08000620                SystemClock_Config
 .text.Error_Handler
                0x080006da        0xc ./Core/Src/main.o
                0x080006da                Error_Handler
 *fill*         0x080006e6        0x2 
 .text.HAL_MspInit
                0x080006e8       0x48 ./Core/Src/stm32f3xx_hal_msp.o
                0x080006e8                HAL_MspInit
 .text.NMI_Handler
                0x08000730        0x8 ./Core/Src/stm32f3xx_it.o
                0x08000730                NMI_Handler
 .text.HardFault_Handler
                0x08000738        0x8 ./Core/Src/stm32f3xx_it.o
                0x08000738                HardFault_Handler
 .text.MemManage_Handler
                0x08000740        0x8 ./Core/Src/stm32f3xx_it.o
                0x08000740                MemManage_Handler
 .text.BusFault_Handler
                0x08000748        0x8 ./Core/Src/stm32f3xx_it.o
                0x08000748                BusFault_Handler
 .text.UsageFault_Handler
                0x08000750        0x8 ./Core/Src/stm32f3xx_it.o
                0x08000750                UsageFault_Handler
 .text.SVC_Handler
                0x08000758        0xe ./Core/Src/stm32f3xx_it.o
                0x08000758                SVC_Handler
 .text.DebugMon_Handler
                0x08000766        0xe ./Core/Src/stm32f3xx_it.o
                0x08000766                DebugMon_Handler
 .text.PendSV_Handler
                0x08000774        0xe ./Core/Src/stm32f3xx_it.o
                0x08000774                PendSV_Handler
 .text.SysTick_Handler
                0x08000782        0xc ./Core/Src/stm32f3xx_it.o
                0x08000782                SysTick_Handler
 *fill*         0x0800078e        0x2 
 .text.TIM1_CC_IRQHandler
                0x08000790       0x14 ./Core/Src/stm32f3xx_it.o
                0x08000790                TIM1_CC_IRQHandler
 .text.USART1_IRQHandler
                0x080007a4       0x14 ./Core/Src/stm32f3xx_it.o
                0x080007a4                USART1_IRQHandler
 .text.SystemInit
                0x080007b8       0x24 ./Core/Src/system_stm32f3xx.o
                0x080007b8                SystemInit
 .text.MX_TIM1_Init
                0x080007dc       0xb4 ./Core/Src/tim.o
                0x080007dc                MX_TIM1_Init
 .text.MX_TIM2_Init
                0x08000890       0xec ./Core/Src/tim.o
                0x08000890                MX_TIM2_Init
 .text.MX_TIM3_Init
                0x0800097c       0xf0 ./Core/Src/tim.o
                0x0800097c                MX_TIM3_Init
 .text.HAL_TIM_IC_MspInit
                0x08000a6c       0x98 ./Core/Src/tim.o
                0x08000a6c                HAL_TIM_IC_MspInit
 .text.HAL_TIM_Base_MspInit
                0x08000b04       0x64 ./Core/Src/tim.o
                0x08000b04                HAL_TIM_Base_MspInit
 .text.HAL_TIM_MspPostInit
                0x08000b68       0xb4 ./Core/Src/tim.o
                0x08000b68                HAL_TIM_MspPostInit
 .text.MX_USART1_UART_Init
                0x08000c1c       0x60 ./Core/Src/usart.o
                0x08000c1c                MX_USART1_UART_Init
 .text.HAL_UART_MspInit
                0x08000c7c       0x98 ./Core/Src/usart.o
                0x08000c7c                HAL_UART_MspInit
 .text.imu_read_u8
                0x08000d14       0x34 ./Core/Src/imu_mpu6500/imu_mpu6500.o
 .text.imu_write_u8
                0x08000d48       0x38 ./Core/Src/imu_mpu6500/imu_mpu6500.o
 .text.imu_read_bytes
                0x08000d80       0x38 ./Core/Src/imu_mpu6500/imu_mpu6500.o
 .text.whoami_ok
                0x08000db8       0x34 ./Core/Src/imu_mpu6500/imu_mpu6500.o
 .text.imu_read_raw_burst
                0x08000dec       0xc0 ./Core/Src/imu_mpu6500/imu_mpu6500.o
 .text.IMU_Init
                0x08000eac      0x318 ./Core/Src/imu_mpu6500/imu_mpu6500.o
                0x08000eac                IMU_Init
 .text.IMU_Update
                0x080011c4       0x64 ./Core/Src/imu_mpu6500/imu_mpu6500.o
                0x080011c4                IMU_Update
 .text.IMU_ReadRaw
                0x08001228       0xbc ./Core/Src/imu_mpu6500/imu_mpu6500.o
                0x08001228                IMU_ReadRaw
 .text.IMU_ReadData
                0x080012e4      0x2c0 ./Core/Src/imu_mpu6500/imu_mpu6500.o
                0x080012e4                IMU_ReadData
 .text.delay_us
                0x080015a4       0x38 ./Core/Src/ultrasonic_hcsr04/ultrasonic_hcsr04.o
 .text.wait_echo
                0x080015dc       0x50 ./Core/Src/ultrasonic_hcsr04/ultrasonic_hcsr04.o
 .text.Ultrasonic_Init
                0x0800162c       0x34 ./Core/Src/ultrasonic_hcsr04/ultrasonic_hcsr04.o
                0x0800162c                Ultrasonic_Init
 .text.Ultrasonic_ReadDistanceCM
                0x08001660       0xa0 ./Core/Src/ultrasonic_hcsr04/ultrasonic_hcsr04.o
                0x08001660                Ultrasonic_ReadDistanceCM
 .text.Reset_Handler
                0x08001700       0x50 ./Core/Startup/startup_stm32f303k8tx.o
                0x08001700                Reset_Handler
 .text.Default_Handler
                0x08001750        0x2 ./Core/Startup/startup_stm32f303k8tx.o
                0x08001750                RTC_Alarm_IRQHandler
                0x08001750                PVD_IRQHandler
                0x08001750                TAMP_STAMP_IRQHandler
                0x08001750                EXTI3_IRQHandler
                0x08001750                EXTI0_IRQHandler
                0x08001750                FPU_IRQHandler
                0x08001750                CAN_TX_IRQHandler
                0x08001750                TIM1_UP_TIM16_IRQHandler
                0x08001750                ADC1_2_IRQHandler
                0x08001750                SPI1_IRQHandler
                0x08001750                CAN_SCE_IRQHandler
                0x08001750                DMA1_Channel4_IRQHandler
                0x08001750                USART3_IRQHandler
                0x08001750                DMA1_Channel7_IRQHandler
                0x08001750                TIM7_DAC2_IRQHandler
                0x08001750                CAN_RX1_IRQHandler
                0x08001750                I2C1_EV_IRQHandler
                0x08001750                DMA1_Channel6_IRQHandler
                0x08001750                TIM3_IRQHandler
                0x08001750                RCC_IRQHandler
                0x08001750                DMA1_Channel1_IRQHandler
                0x08001750                Default_Handler
                0x08001750                EXTI15_10_IRQHandler
                0x08001750                COMP2_IRQHandler
                0x08001750                TIM6_DAC1_IRQHandler
                0x08001750                EXTI9_5_IRQHandler
                0x08001750                RTC_WKUP_IRQHandler
                0x08001750                DMA1_Channel5_IRQHandler
                0x08001750                EXTI4_IRQHandler
                0x08001750                TIM1_TRG_COM_TIM17_IRQHandler
                0x08001750                DMA1_Channel3_IRQHandler
                0x08001750                WWDG_IRQHandler
                0x08001750                TIM2_IRQHandler
                0x08001750                EXTI1_IRQHandler
                0x08001750                COMP4_6_IRQHandler
                0x08001750                USART2_IRQHandler
                0x08001750                DMA1_Channel2_IRQHandler
                0x08001750                FLASH_IRQHandler
                0x08001750                CAN_RX0_IRQHandler
                0x08001750                I2C1_ER_IRQHandler
                0x08001750                EXTI2_TSC_IRQHandler
                0x08001750                TIM1_BRK_TIM15_IRQHandler
 *fill*         0x08001752        0x2 
 .text.HAL_Init
                0x08001754       0x2c ./Drivers/STM32F3xx_HAL_Driver/Src/stm32f3xx_hal.o
                0x08001754                HAL_Init
 .text.HAL_InitTick
                0x08001780       0x60 ./Drivers/STM32F3xx_HAL_Driver/Src/stm32f3xx_hal.o
                0x08001780                HAL_InitTick
 .text.HAL_IncTick
                0x080017e0       0x28 ./Drivers/STM32F3xx_HAL_Driver/Src/stm32f3xx_hal.o
                0x080017e0                HAL_IncTick
 .text.HAL_GetTick
                0x08001808       0x18 ./Drivers/STM32F3xx_HAL_Driver/Src/stm32f3xx_hal.o
                0x08001808                HAL_GetTick
 .text.HAL_Delay
                0x08001820       0x48 ./Drivers/STM32F3xx_HAL_Driver/Src/stm32f3xx_hal.o
                0x08001820                HAL_Delay
 .text.__NVIC_SetPriorityGrouping
                0x08001868       0x48 ./Drivers/STM32F3xx_HAL_Driver/Src/stm32f3xx_hal_cortex.o
 .text.__NVIC_GetPriorityGrouping
                0x080018b0       0x1c ./Drivers/STM32F3xx_HAL_Driver/Src/stm32f3xx_hal_cortex.o
 .text.__NVIC_EnableIRQ
                0x080018cc       0x3c ./Drivers/STM32F3xx_HAL_Driver/Src/stm32f3xx_hal_cortex.o
 .text.__NVIC_SetPriority
                0x08001908       0x54 ./Drivers/STM32F3xx_HAL_Driver/Src/stm32f3xx_hal_cortex.o
 .text.NVIC_EncodePriority
                0x0800195c       0x66 ./Drivers/STM32F3xx_HAL_Driver/Src/stm32f3xx_hal_cortex.o
 *fill*         0x080019c2        0x2 
 .text.SysTick_Config
                0x080019c4       0x44 ./Drivers/STM32F3xx_HAL_Driver/Src/stm32f3xx_hal_cortex.o
 .text.HAL_NVIC_SetPriorityGrouping
                0x08001a08       0x16 ./Drivers/STM32F3xx_HAL_Driver/Src/stm32f3xx_hal_cortex.o
                0x08001a08                HAL_NVIC_SetPriorityGrouping
 .text.HAL_NVIC_SetPriority
                0x08001a1e       0x38 ./Drivers/STM32F3xx_HAL_Driver/Src/stm32f3xx_hal_cortex.o
                0x08001a1e                HAL_NVIC_SetPriority
 .text.HAL_NVIC_EnableIRQ
                0x08001a56       0x1c ./Drivers/STM32F3xx_HAL_Driver/Src/stm32f3xx_hal_cortex.o
                0x08001a56                HAL_NVIC_EnableIRQ
 .text.HAL_SYSTICK_Config
                0x08001a72       0x18 ./Drivers/STM32F3xx_HAL_Driver/Src/stm32f3xx_hal_cortex.o
                0x08001a72                HAL_SYSTICK_Config
 .text.HAL_DMA_Abort
                0x08001a8a       0x7c ./Drivers/STM32F3xx_HAL_Driver/Src/stm32f3xx_hal_dma.o
                0x08001a8a                HAL_DMA_Abort
 .text.HAL_DMA_Abort_IT
                0x08001b06       0x7c ./Drivers/STM32F3xx_HAL_Driver/Src/stm32f3xx_hal_dma.o
                0x08001b06                HAL_DMA_Abort_IT
 *fill*         0x08001b82        0x2 
 .text.HAL_GPIO_Init
                0x08001b84      0x2e4 ./Drivers/STM32F3xx_HAL_Driver/Src/stm32f3xx_hal_gpio.o
                0x08001b84                HAL_GPIO_Init
 .text.HAL_GPIO_ReadPin
                0x08001e68       0x30 ./Drivers/STM32F3xx_HAL_Driver/Src/stm32f3xx_hal_gpio.o
                0x08001e68                HAL_GPIO_ReadPin
 .text.HAL_GPIO_WritePin
                0x08001e98       0x30 ./Drivers/STM32F3xx_HAL_Driver/Src/stm32f3xx_hal_gpio.o
                0x08001e98                HAL_GPIO_WritePin
 .text.HAL_I2C_Init
                0x08001ec8      0x136 ./Drivers/STM32F3xx_HAL_Driver/Src/stm32f3xx_hal_i2c.o
                0x08001ec8                HAL_I2C_Init
 *fill*         0x08001ffe        0x2 
 .text.HAL_I2C_Mem_Write
                0x08002000      0x228 ./Drivers/STM32F3xx_HAL_Driver/Src/stm32f3xx_hal_i2c.o
                0x08002000                HAL_I2C_Mem_Write
 .text.HAL_I2C_Mem_Read
                0x08002228      0x234 ./Drivers/STM32F3xx_HAL_Driver/Src/stm32f3xx_hal_i2c.o
                0x08002228                HAL_I2C_Mem_Read
 .text.I2C_RequestMemoryWrite
                0x0800245c       0xa8 ./Drivers/STM32F3xx_HAL_Driver/Src/stm32f3xx_hal_i2c.o
 .text.I2C_RequestMemoryRead
                0x08002504       0xa8 ./Drivers/STM32F3xx_HAL_Driver/Src/stm32f3xx_hal_i2c.o
 .text.I2C_Flush_TXDR
                0x080025ac       0x48 ./Drivers/STM32F3xx_HAL_Driver/Src/stm32f3xx_hal_i2c.o
 .text.I2C_WaitOnFlagUntilTimeout
                0x080025f4       0xb2 ./Drivers/STM32F3xx_HAL_Driver/Src/stm32f3xx_hal_i2c.o
 .text.I2C_WaitOnTXISFlagUntilTimeout
                0x080026a6       0x8e ./Drivers/STM32F3xx_HAL_Driver/Src/stm32f3xx_hal_i2c.o
 .text.I2C_WaitOnSTOPFlagUntilTimeout
                0x08002734       0x86 ./Drivers/STM32F3xx_HAL_Driver/Src/stm32f3xx_hal_i2c.o
 *fill*         0x080027ba        0x2 
 .text.I2C_IsErrorOccurred
                0x080027bc      0x1c0 ./Drivers/STM32F3xx_HAL_Driver/Src/stm32f3xx_hal_i2c.o
 .text.I2C_TransferConfig
                0x0800297c       0x64 ./Drivers/STM32F3xx_HAL_Driver/Src/stm32f3xx_hal_i2c.o
 .text.HAL_I2CEx_ConfigAnalogFilter
                0x080029e0       0x96 ./Drivers/STM32F3xx_HAL_Driver/Src/stm32f3xx_hal_i2c_ex.o
                0x080029e0                HAL_I2CEx_ConfigAnalogFilter
 .text.HAL_I2CEx_ConfigDigitalFilter
                0x08002a76       0x98 ./Drivers/STM32F3xx_HAL_Driver/Src/stm32f3xx_hal_i2c_ex.o
                0x08002a76                HAL_I2CEx_ConfigDigitalFilter
 *fill*         0x08002b0e        0x2 
 .text.HAL_RCC_OscConfig
                0x08002b10     0x101c ./Drivers/STM32F3xx_HAL_Driver/Src/stm32f3xx_hal_rcc.o
                0x08002b10                HAL_RCC_OscConfig
 .text.HAL_RCC_ClockConfig
                0x08003b2c      0x2dc ./Drivers/STM32F3xx_HAL_Driver/Src/stm32f3xx_hal_rcc.o
                0x08003b2c                HAL_RCC_ClockConfig
 .text.HAL_RCC_GetSysClockFreq
                0x08003e08       0xa8 ./Drivers/STM32F3xx_HAL_Driver/Src/stm32f3xx_hal_rcc.o
                0x08003e08                HAL_RCC_GetSysClockFreq
 .text.HAL_RCC_GetHCLKFreq
                0x08003eb0       0x18 ./Drivers/STM32F3xx_HAL_Driver/Src/stm32f3xx_hal_rcc.o
                0x08003eb0                HAL_RCC_GetHCLKFreq
 .text.HAL_RCC_GetPCLK1Freq
                0x08003ec8       0x44 ./Drivers/STM32F3xx_HAL_Driver/Src/stm32f3xx_hal_rcc.o
                0x08003ec8                HAL_RCC_GetPCLK1Freq
 .text.HAL_RCC_GetPCLK2Freq
                0x08003f0c       0x44 ./Drivers/STM32F3xx_HAL_Driver/Src/stm32f3xx_hal_rcc.o
                0x08003f0c                HAL_RCC_GetPCLK2Freq
 .text.HAL_RCCEx_PeriphCLKConfig
                0x08003f50      0x248 ./Drivers/STM32F3xx_HAL_Driver/Src/stm32f3xx_hal_rcc_ex.o
                0x08003f50                HAL_RCCEx_PeriphCLKConfig
 .text.HAL_TIM_Base_Init
                0x08004198       0xae ./Drivers/STM32F3xx_HAL_Driver/Src/stm32f3xx_hal_tim.o
                0x08004198                HAL_TIM_Base_Init
 *fill*         0x08004246        0x2 
 .text.HAL_TIM_Base_Start
                0x08004248       0xa8 ./Drivers/STM32F3xx_HAL_Driver/Src/stm32f3xx_hal_tim.o
                0x08004248                HAL_TIM_Base_Start
 .text.HAL_TIM_PWM_Init
                0x080042f0       0xae ./Drivers/STM32F3xx_HAL_Driver/Src/stm32f3xx_hal_tim.o
                0x080042f0                HAL_TIM_PWM_Init
 .text.HAL_TIM_PWM_MspInit
                0x0800439e       0x14 ./Drivers/STM32F3xx_HAL_Driver/Src/stm32f3xx_hal_tim.o
                0x0800439e                HAL_TIM_PWM_MspInit
 .text.HAL_TIM_IC_Init
                0x080043b2       0xae ./Drivers/STM32F3xx_HAL_Driver/Src/stm32f3xx_hal_tim.o
                0x080043b2                HAL_TIM_IC_Init
 .text.HAL_TIM_IRQHandler
                0x08004460      0x204 ./Drivers/STM32F3xx_HAL_Driver/Src/stm32f3xx_hal_tim.o
                0x08004460                HAL_TIM_IRQHandler
 .text.HAL_TIM_IC_ConfigChannel
                0x08004664      0x138 ./Drivers/STM32F3xx_HAL_Driver/Src/stm32f3xx_hal_tim.o
                0x08004664                HAL_TIM_IC_ConfigChannel
 .text.HAL_TIM_PWM_ConfigChannel
                0x0800479c      0x228 ./Drivers/STM32F3xx_HAL_Driver/Src/stm32f3xx_hal_tim.o
                0x0800479c                HAL_TIM_PWM_ConfigChannel
 .text.HAL_TIM_ConfigClockSource
                0x080049c4      0x192 ./Drivers/STM32F3xx_HAL_Driver/Src/stm32f3xx_hal_tim.o
                0x080049c4                HAL_TIM_ConfigClockSource
 .text.HAL_TIM_PeriodElapsedCallback
                0x08004b56       0x14 ./Drivers/STM32F3xx_HAL_Driver/Src/stm32f3xx_hal_tim.o
                0x08004b56                HAL_TIM_PeriodElapsedCallback
 .text.HAL_TIM_OC_DelayElapsedCallback
                0x08004b6a       0x14 ./Drivers/STM32F3xx_HAL_Driver/Src/stm32f3xx_hal_tim.o
                0x08004b6a                HAL_TIM_OC_DelayElapsedCallback
 .text.HAL_TIM_IC_CaptureCallback
                0x08004b7e       0x14 ./Drivers/STM32F3xx_HAL_Driver/Src/stm32f3xx_hal_tim.o
                0x08004b7e                HAL_TIM_IC_CaptureCallback
 .text.HAL_TIM_PWM_PulseFinishedCallback
                0x08004b92       0x14 ./Drivers/STM32F3xx_HAL_Driver/Src/stm32f3xx_hal_tim.o
                0x08004b92                HAL_TIM_PWM_PulseFinishedCallback
 .text.HAL_TIM_TriggerCallback
                0x08004ba6       0x14 ./Drivers/STM32F3xx_HAL_Driver/Src/stm32f3xx_hal_tim.o
                0x08004ba6                HAL_TIM_TriggerCallback
 *fill*         0x08004bba        0x2 
 .text.TIM_Base_SetConfig
                0x08004bbc      0x108 ./Drivers/STM32F3xx_HAL_Driver/Src/stm32f3xx_hal_tim.o
                0x08004bbc                TIM_Base_SetConfig
 .text.TIM_OC1_SetConfig
                0x08004cc4      0x10c ./Drivers/STM32F3xx_HAL_Driver/Src/stm32f3xx_hal_tim.o
 .text.TIM_OC2_SetConfig
                0x08004dd0      0x100 ./Drivers/STM32F3xx_HAL_Driver/Src/stm32f3xx_hal_tim.o
                0x08004dd0                TIM_OC2_SetConfig
 .text.TIM_OC3_SetConfig
                0x08004ed0       0xfc ./Drivers/STM32F3xx_HAL_Driver/Src/stm32f3xx_hal_tim.o
 .text.TIM_OC4_SetConfig
                0x08004fcc       0xc8 ./Drivers/STM32F3xx_HAL_Driver/Src/stm32f3xx_hal_tim.o
 .text.TIM_OC5_SetConfig
                0x08005094       0xbc ./Drivers/STM32F3xx_HAL_Driver/Src/stm32f3xx_hal_tim.o
 .text.TIM_OC6_SetConfig
                0x08005150       0xc0 ./Drivers/STM32F3xx_HAL_Driver/Src/stm32f3xx_hal_tim.o
 .text.TIM_TI1_SetConfig
                0x08005210       0xb8 ./Drivers/STM32F3xx_HAL_Driver/Src/stm32f3xx_hal_tim.o
                0x08005210                TIM_TI1_SetConfig
 .text.TIM_TI1_ConfigInputStage
                0x080052c8       0x5e ./Drivers/STM32F3xx_HAL_Driver/Src/stm32f3xx_hal_tim.o
 .text.TIM_TI2_SetConfig
                0x08005326       0x7a ./Drivers/STM32F3xx_HAL_Driver/Src/stm32f3xx_hal_tim.o
 .text.TIM_TI2_ConfigInputStage
                0x080053a0       0x60 ./Drivers/STM32F3xx_HAL_Driver/Src/stm32f3xx_hal_tim.o
 .text.TIM_TI3_SetConfig
                0x08005400       0x78 ./Drivers/STM32F3xx_HAL_Driver/Src/stm32f3xx_hal_tim.o
 .text.TIM_TI4_SetConfig
                0x08005478       0x7a ./Drivers/STM32F3xx_HAL_Driver/Src/stm32f3xx_hal_tim.o
 .text.TIM_ITRx_SetConfig
                0x080054f2       0x36 ./Drivers/STM32F3xx_HAL_Driver/Src/stm32f3xx_hal_tim.o
 .text.TIM_ETR_SetConfig
                0x08005528       0x40 ./Drivers/STM32F3xx_HAL_Driver/Src/stm32f3xx_hal_tim.o
                0x08005528                TIM_ETR_SetConfig
 .text.HAL_TIMEx_MasterConfigSynchronization
                0x08005568       0xdc ./Drivers/STM32F3xx_HAL_Driver/Src/stm32f3xx_hal_tim_ex.o
                0x08005568                HAL_TIMEx_MasterConfigSynchronization
 .text.HAL_TIMEx_CommutCallback
                0x08005644       0x14 ./Drivers/STM32F3xx_HAL_Driver/Src/stm32f3xx_hal_tim_ex.o
                0x08005644                HAL_TIMEx_CommutCallback
 .text.HAL_TIMEx_BreakCallback
                0x08005658       0x14 ./Drivers/STM32F3xx_HAL_Driver/Src/stm32f3xx_hal_tim_ex.o
                0x08005658                HAL_TIMEx_BreakCallback
 .text.HAL_TIMEx_Break2Callback
                0x0800566c       0x14 ./Drivers/STM32F3xx_HAL_Driver/Src/stm32f3xx_hal_tim_ex.o
                0x0800566c                HAL_TIMEx_Break2Callback
 .text.HAL_UART_Init
                0x08005680       0x9c ./Drivers/STM32F3xx_HAL_Driver/Src/stm32f3xx_hal_uart.o
                0x08005680                HAL_UART_Init
 .text.HAL_UART_Transmit
                0x0800571c      0x112 ./Drivers/STM32F3xx_HAL_Driver/Src/stm32f3xx_hal_uart.o
                0x0800571c                HAL_UART_Transmit
 .text.HAL_UART_Receive_IT
                0x0800582e       0x88 ./Drivers/STM32F3xx_HAL_Driver/Src/stm32f3xx_hal_uart.o
                0x0800582e                HAL_UART_Receive_IT
 *fill*         0x080058b6        0x2 
 .text.HAL_UART_IRQHandler
                0x080058b8      0x5cc ./Drivers/STM32F3xx_HAL_Driver/Src/stm32f3xx_hal_uart.o
                0x080058b8                HAL_UART_IRQHandler
 .text.HAL_UART_TxCpltCallback
                0x08005e84       0x14 ./Drivers/STM32F3xx_HAL_Driver/Src/stm32f3xx_hal_uart.o
                0x08005e84                HAL_UART_TxCpltCallback
 .text.HAL_UARTEx_RxEventCallback
                0x08005e98       0x18 ./Drivers/STM32F3xx_HAL_Driver/Src/stm32f3xx_hal_uart.o
                0x08005e98                HAL_UARTEx_RxEventCallback
 .text.UART_SetConfig
                0x08005eb0      0x26c ./Drivers/STM32F3xx_HAL_Driver/Src/stm32f3xx_hal_uart.o
                0x08005eb0                UART_SetConfig
 .text.UART_AdvFeatureConfig
                0x0800611c      0x144 ./Drivers/STM32F3xx_HAL_Driver/Src/stm32f3xx_hal_uart.o
                0x0800611c                UART_AdvFeatureConfig
 .text.UART_CheckIdleState
                0x08006260      0x150 ./Drivers/STM32F3xx_HAL_Driver/Src/stm32f3xx_hal_uart.o
                0x08006260                UART_CheckIdleState
 .text.UART_WaitOnFlagUntilTimeout
                0x080063b0       0xda ./Drivers/STM32F3xx_HAL_Driver/Src/stm32f3xx_hal_uart.o
                0x080063b0                UART_WaitOnFlagUntilTimeout
 *fill*         0x0800648a        0x2 
 .text.UART_Start_Receive_IT
                0x0800648c      0x18c ./Drivers/STM32F3xx_HAL_Driver/Src/stm32f3xx_hal_uart.o
                0x0800648c                UART_Start_Receive_IT
 .text.UART_EndRxTransfer
                0x08006618       0xc8 ./Drivers/STM32F3xx_HAL_Driver/Src/stm32f3xx_hal_uart.o
 .text.UART_DMAAbortOnError
                0x080066e0       0x2c ./Drivers/STM32F3xx_HAL_Driver/Src/stm32f3xx_hal_uart.o
 .text.UART_EndTransmit_IT
                0x0800670c       0x54 ./Drivers/STM32F3xx_HAL_Driver/Src/stm32f3xx_hal_uart.o
 .text.UART_RxISR_8BIT
                0x08006760      0x1a8 ./Drivers/STM32F3xx_HAL_Driver/Src/stm32f3xx_hal_uart.o
 .text.UART_RxISR_16BIT
                0x08006908      0x1a8 ./Drivers/STM32F3xx_HAL_Driver/Src/stm32f3xx_hal_uart.o
 .text.HAL_UARTEx_WakeupCallback
                0x08006ab0       0x14 ./Drivers/STM32F3xx_HAL_Driver/Src/stm32f3xx_hal_uart_ex.o
                0x08006ab0                HAL_UARTEx_WakeupCallback
 .text.memset   0x08006ac4       0x10 C:/ST/STM32CubeIDE_1.19.0/STM32CubeIDE/plugins/com.st.stm32cube.ide.mcu.externaltools.gnu-tools-for-stm32.13.3.rel1.win32_1.0.0.202411081344/tools/bin/../lib/gcc/arm-none-eabi/13.3.1/../../../../arm-none-eabi/lib/thumb/v7e-m+fp/hard\libc_nano.a(libc_a-memset.o)
                0x08006ac4                memset
 .text.__errno  0x08006ad4        0xc C:/ST/STM32CubeIDE_1.19.0/STM32CubeIDE/plugins/com.st.stm32cube.ide.mcu.externaltools.gnu-tools-for-stm32.13.3.rel1.win32_1.0.0.202411081344/tools/bin/../lib/gcc/arm-none-eabi/13.3.1/../../../../arm-none-eabi/lib/thumb/v7e-m+fp/hard\libc_nano.a(libc_a-errno.o)
                0x08006ad4                __errno
 .text.__libc_init_array
                0x08006ae0       0x48 C:/ST/STM32CubeIDE_1.19.0/STM32CubeIDE/plugins/com.st.stm32cube.ide.mcu.externaltools.gnu-tools-for-stm32.13.3.rel1.win32_1.0.0.202411081344/tools/bin/../lib/gcc/arm-none-eabi/13.3.1/../../../../arm-none-eabi/lib/thumb/v7e-m+fp/hard\libc_nano.a(libc_a-init.o)
                0x08006ae0                __libc_init_array
 .text.memcpy   0x08006b28       0x1c C:/ST/STM32CubeIDE_1.19.0/STM32CubeIDE/plugins/com.st.stm32cube.ide.mcu.externaltools.gnu-tools-for-stm32.13.3.rel1.win32_1.0.0.202411081344/tools/bin/../lib/gcc/arm-none-eabi/13.3.1/../../../../arm-none-eabi/lib/thumb/v7e-m+fp/hard\libc_nano.a(libc_a-memcpy-stub.o)
                0x08006b28                memcpy
 .text.atan2f   0x08006b44        0x4 C:/ST/STM32CubeIDE_1.19.0/STM32CubeIDE/plugins/com.st.stm32cube.ide.mcu.externaltools.gnu-tools-for-stm32.13.3.rel1.win32_1.0.0.202411081344/tools/bin/../lib/gcc/arm-none-eabi/13.3.1/../../../../arm-none-eabi/lib/thumb/v7e-m+fp/hard\libm.a(libm_a-wf_atan2.o)
                0x08006b44                atan2f
 .text.sqrtf    0x08006b48       0x3c C:/ST/STM32CubeIDE_1.19.0/STM32CubeIDE/plugins/com.st.stm32cube.ide.mcu.externaltools.gnu-tools-for-stm32.13.3.rel1.win32_1.0.0.202411081344/tools/bin/../lib/gcc/arm-none-eabi/13.3.1/../../../../arm-none-eabi/lib/thumb/v7e-m+fp/hard\libm.a(libm_a-wf_sqrt.o)
                0x08006b48                sqrtf
 .text.__ieee754_sqrtf
                0x08006b84        0x6 C:/ST/STM32CubeIDE_1.19.0/STM32CubeIDE/plugins/com.st.stm32cube.ide.mcu.externaltools.gnu-tools-for-stm32.13.3.rel1.win32_1.0.0.202411081344/tools/bin/../lib/gcc/arm-none-eabi/13.3.1/../../../../arm-none-eabi/lib/thumb/v7e-m+fp/hard\libm.a(libm_a-ef_sqrt.o)
                0x08006b84                __ieee754_sqrtf
 *fill*         0x08006b8a        0x2 
 .text.__ieee754_atan2f
                0x08006b8c      0x140 C:/ST/STM32CubeIDE_1.19.0/STM32CubeIDE/plugins/com.st.stm32cube.ide.mcu.externaltools.gnu-tools-for-stm32.13.3.rel1.win32_1.0.0.202411081344/tools/bin/../lib/gcc/arm-none-eabi/13.3.1/../../../../arm-none-eabi/lib/thumb/v7e-m+fp/hard\libm.a(libm_a-ef_atan2.o)
                0x08006b8c                __ieee754_atan2f
 .text.atanf    0x08006ccc      0x1a8 C:/ST/STM32CubeIDE_1.19.0/STM32CubeIDE/plugins/com.st.stm32cube.ide.mcu.externaltools.gnu-tools-for-stm32.13.3.rel1.win32_1.0.0.202411081344/tools/bin/../lib/gcc/arm-none-eabi/13.3.1/../../../../arm-none-eabi/lib/thumb/v7e-m+fp/hard\libm.a(libm_a-sf_atan.o)
                0x08006ccc                atanf
 .text.fabsf    0x08006e74        0xe C:/ST/STM32CubeIDE_1.19.0/STM32CubeIDE/plugins/com.st.stm32cube.ide.mcu.externaltools.gnu-tools-for-stm32.13.3.rel1.win32_1.0.0.202411081344/tools/bin/../lib/gcc/arm-none-eabi/13.3.1/../../../../arm-none-eabi/lib/thumb/v7e-m+fp/hard\libm.a(libm_a-sf_fabs.o)
                0x08006e74                fabsf
 *(.glue_7)
 .glue_7        0x08006e82        0x0 linker stubs
 *(.glue_7t)
 .glue_7t       0x08006e82        0x0 linker stubs
 *(.eh_frame)
 *fill*         0x08006e82        0x2 
 .eh_frame      0x08006e84        0x0 C:/ST/STM32CubeIDE_1.19.0/STM32CubeIDE/plugins/com.st.stm32cube.ide.mcu.externaltools.gnu-tools-for-stm32.13.3.rel1.win32_1.0.0.202411081344/tools/bin/../lib/gcc/arm-none-eabi/13.3.1/thumb/v7e-m+fp/hard/crtbegin.o
 *(.init)
 .init          0x08006e84        0x4 C:/ST/STM32CubeIDE_1.19.0/STM32CubeIDE/plugins/com.st.stm32cube.ide.mcu.externaltools.gnu-tools-for-stm32.13.3.rel1.win32_1.0.0.202411081344/tools/bin/../lib/gcc/arm-none-eabi/13.3.1/thumb/v7e-m+fp/hard/crti.o
                0x08006e84                _init
 .init          0x08006e88        0x8 C:/ST/STM32CubeIDE_1.19.0/STM32CubeIDE/plugins/com.st.stm32cube.ide.mcu.externaltools.gnu-tools-for-stm32.13.3.rel1.win32_1.0.0.202411081344/tools/bin/../lib/gcc/arm-none-eabi/13.3.1/thumb/v7e-m+fp/hard/crtn.o
 *(.fini)
 .fini          0x08006e90        0x4 C:/ST/STM32CubeIDE_1.19.0/STM32CubeIDE/plugins/com.st.stm32cube.ide.mcu.externaltools.gnu-tools-for-stm32.13.3.rel1.win32_1.0.0.202411081344/tools/bin/../lib/gcc/arm-none-eabi/13.3.1/thumb/v7e-m+fp/hard/crti.o
                0x08006e90                _fini
 .fini          0x08006e94        0x8 C:/ST/STM32CubeIDE_1.19.0/STM32CubeIDE/plugins/com.st.stm32cube.ide.mcu.externaltools.gnu-tools-for-stm32.13.3.rel1.win32_1.0.0.202411081344/tools/bin/../lib/gcc/arm-none-eabi/13.3.1/thumb/v7e-m+fp/hard/crtn.o
                0x08006e9c                        . = ALIGN (0x4)
                0x08006e9c                        _etext = .

.vfp11_veneer   0x08006e9c        0x0
 .vfp11_veneer  0x08006e9c        0x0 linker stubs

.v4_bx          0x08006e9c        0x0
 .v4_bx         0x08006e9c        0x0 linker stubs

.iplt           0x08006e9c        0x0
 .iplt          0x08006e9c        0x0 C:/ST/STM32CubeIDE_1.19.0/STM32CubeIDE/plugins/com.st.stm32cube.ide.mcu.externaltools.gnu-tools-for-stm32.13.3.rel1.win32_1.0.0.202411081344/tools/bin/../lib/gcc/arm-none-eabi/13.3.1/thumb/v7e-m+fp/hard/crtbegin.o

.rodata         0x08006e9c       0x70
                0x08006e9c                        . = ALIGN (0x4)
 *(.rodata)
 *(.rodata*)
 .rodata.AHBPrescTable
                0x08006e9c       0x10 ./Core/Src/system_stm32f3xx.o
                0x08006e9c                AHBPrescTable
 .rodata.APBPrescTable
                0x08006eac        0x8 ./Core/Src/system_stm32f3xx.o
                0x08006eac                APBPrescTable
 .rodata.aPLLMULFactorTable
                0x08006eb4       0x10 ./Drivers/STM32F3xx_HAL_Driver/Src/stm32f3xx_hal_rcc.o
 .rodata.aPredivFactorTable
                0x08006ec4       0x10 ./Drivers/STM32F3xx_HAL_Driver/Src/stm32f3xx_hal_rcc.o
 .rodata.CSWTCH.9
                0x08006ed4        0xc C:/ST/STM32CubeIDE_1.19.0/STM32CubeIDE/plugins/com.st.stm32cube.ide.mcu.externaltools.gnu-tools-for-stm32.13.3.rel1.win32_1.0.0.202411081344/tools/bin/../lib/gcc/arm-none-eabi/13.3.1/../../../../arm-none-eabi/lib/thumb/v7e-m+fp/hard\libm.a(libm_a-ef_atan2.o)
 .rodata.CSWTCH.8
                0x08006ee0        0xc C:/ST/STM32CubeIDE_1.19.0/STM32CubeIDE/plugins/com.st.stm32cube.ide.mcu.externaltools.gnu-tools-for-stm32.13.3.rel1.win32_1.0.0.202411081344/tools/bin/../lib/gcc/arm-none-eabi/13.3.1/../../../../arm-none-eabi/lib/thumb/v7e-m+fp/hard\libm.a(libm_a-ef_atan2.o)
 .rodata.atanlo
                0x08006eec       0x10 C:/ST/STM32CubeIDE_1.19.0/STM32CubeIDE/plugins/com.st.stm32cube.ide.mcu.externaltools.gnu-tools-for-stm32.13.3.rel1.win32_1.0.0.202411081344/tools/bin/../lib/gcc/arm-none-eabi/13.3.1/../../../../arm-none-eabi/lib/thumb/v7e-m+fp/hard\libm.a(libm_a-sf_atan.o)
 .rodata.atanhi
                0x08006efc       0x10 C:/ST/STM32CubeIDE_1.19.0/STM32CubeIDE/plugins/com.st.stm32cube.ide.mcu.externaltools.gnu-tools-for-stm32.13.3.rel1.win32_1.0.0.202411081344/tools/bin/../lib/gcc/arm-none-eabi/13.3.1/../../../../arm-none-eabi/lib/thumb/v7e-m+fp/hard\libm.a(libm_a-sf_atan.o)
                0x08006f0c                        . = ALIGN (0x4)

.ARM.extab      0x08006f0c        0x0
                0x08006f0c                        . = ALIGN (0x4)
 *(.ARM.extab* .gnu.linkonce.armextab.*)
                0x08006f0c                        . = ALIGN (0x4)

.ARM            0x08006f0c        0x0
                0x08006f0c                        . = ALIGN (0x4)
                0x08006f0c                        __exidx_start = .
 *(.ARM.exidx*)
                0x08006f0c                        __exidx_end = .
                0x08006f0c                        . = ALIGN (0x4)

.preinit_array  0x08006f0c        0x0
                0x08006f0c                        . = ALIGN (0x4)
                0x08006f0c                        PROVIDE (__preinit_array_start = .)
 *(.preinit_array*)
                0x08006f0c                        PROVIDE (__preinit_array_end = .)
                0x08006f0c                        . = ALIGN (0x4)

.init_array     0x08006f0c        0x4
                0x08006f0c                        . = ALIGN (0x4)
                0x08006f0c                        PROVIDE (__init_array_start = .)
 *(SORT_BY_NAME(.init_array.*))
 *(.init_array*)
 .init_array    0x08006f0c        0x4 C:/ST/STM32CubeIDE_1.19.0/STM32CubeIDE/plugins/com.st.stm32cube.ide.mcu.externaltools.gnu-tools-for-stm32.13.3.rel1.win32_1.0.0.202411081344/tools/bin/../lib/gcc/arm-none-eabi/13.3.1/thumb/v7e-m+fp/hard/crtbegin.o
                0x08006f10                        PROVIDE (__init_array_end = .)
                0x08006f10                        . = ALIGN (0x4)

.fini_array     0x08006f10        0x4
                0x08006f10                        . = ALIGN (0x4)
                [!provide]                        PROVIDE (__fini_array_start = .)
 *(SORT_BY_NAME(.fini_array.*))
 *(.fini_array*)
 .fini_array    0x08006f10        0x4 C:/ST/STM32CubeIDE_1.19.0/STM32CubeIDE/plugins/com.st.stm32cube.ide.mcu.externaltools.gnu-tools-for-stm32.13.3.rel1.win32_1.0.0.202411081344/tools/bin/../lib/gcc/arm-none-eabi/13.3.1/thumb/v7e-m+fp/hard/crtbegin.o
                [!provide]                        PROVIDE (__fini_array_end = .)
                0x08006f14                        . = ALIGN (0x4)
                0x08006f14                        _sidata = LOADADDR (.data)

.rel.dyn        0x08006f14        0x0
 .rel.iplt      0x08006f14        0x0 C:/ST/STM32CubeIDE_1.19.0/STM32CubeIDE/plugins/com.st.stm32cube.ide.mcu.externaltools.gnu-tools-for-stm32.13.3.rel1.win32_1.0.0.202411081344/tools/bin/../lib/gcc/arm-none-eabi/13.3.1/thumb/v7e-m+fp/hard/crtbegin.o

.data           0x20000000       0x64 load address 0x08006f14
                0x20000000                        . = ALIGN (0x4)
                0x20000000                        _sdata = .
 *(.data)
 *(.data*)
 .data.SystemCoreClock
                0x20000000        0x4 ./Core/Src/system_stm32f3xx.o
                0x20000000                SystemCoreClock
 .data.s_gyro_lsb_per_dps
                0x20000004        0x4 ./Core/Src/imu_mpu6500/imu_mpu6500.o
 .data.s_accel_lsb_per_g
                0x20000008        0x4 ./Core/Src/imu_mpu6500/imu_mpu6500.o
 .data.uwTickPrio
                0x2000000c        0x4 ./Drivers/STM32F3xx_HAL_Driver/Src/stm32f3xx_hal.o
                0x2000000c                uwTickPrio
 .data.uwTickFreq
                0x20000010        0x1 ./Drivers/STM32F3xx_HAL_Driver/Src/stm32f3xx_hal.o
                0x20000010                uwTickFreq
 *fill*         0x20000011        0x3 
 .data._impure_ptr
                0x20000014        0x4 C:/ST/STM32CubeIDE_1.19.0/STM32CubeIDE/plugins/com.st.stm32cube.ide.mcu.externaltools.gnu-tools-for-stm32.13.3.rel1.win32_1.0.0.202411081344/tools/bin/../lib/gcc/arm-none-eabi/13.3.1/../../../../arm-none-eabi/lib/thumb/v7e-m+fp/hard\libc_nano.a(libc_a-impure.o)
                0x20000014                _impure_ptr
 .data._impure_data
                0x20000018       0x4c C:/ST/STM32CubeIDE_1.19.0/STM32CubeIDE/plugins/com.st.stm32cube.ide.mcu.externaltools.gnu-tools-for-stm32.13.3.rel1.win32_1.0.0.202411081344/tools/bin/../lib/gcc/arm-none-eabi/13.3.1/../../../../arm-none-eabi/lib/thumb/v7e-m+fp/hard\libc_nano.a(libc_a-impure.o)
                0x20000018                _impure_data
 *(.RamFunc)
 *(.RamFunc*)
                0x20000064                        . = ALIGN (0x4)
                0x20000064                        _edata = .
                0x08006f78                        _siccmram = LOADADDR (.ccmram)

.igot.plt       0x20000064        0x0 load address 0x08006f78
 .igot.plt      0x20000064        0x0 C:/ST/STM32CubeIDE_1.19.0/STM32CubeIDE/plugins/com.st.stm32cube.ide.mcu.externaltools.gnu-tools-for-stm32.13.3.rel1.win32_1.0.0.202411081344/tools/bin/../lib/gcc/arm-none-eabi/13.3.1/thumb/v7e-m+fp/hard/crtbegin.o

.ccmram         0x10000000        0x0 load address 0x08006f78
                0x10000000                        . = ALIGN (0x4)
                0x10000000                        _sccmram = .
 *(.ccmram)
 *(.ccmram*)
                0x10000000                        . = ALIGN (0x4)
                0x10000000                        _eccmram = .
                0x10000000                        . = ALIGN (0x4)

.bss            0x20000064      0x344
                0x20000064                        _sbss = .
                0x20000064                        __bss_start__ = _sbss
 *(.bss)
 .bss           0x20000064       0x1c C:/ST/STM32CubeIDE_1.19.0/STM32CubeIDE/plugins/com.st.stm32cube.ide.mcu.externaltools.gnu-tools-for-stm32.13.3.rel1.win32_1.0.0.202411081344/tools/bin/../lib/gcc/arm-none-eabi/13.3.1/thumb/v7e-m+fp/hard/crtbegin.o
 *(.bss*)
 .bss.g_keys_state
                0x20000080        0x1 ./Core/Src/comm_rpizero2w/comm_rpizero2w.o
                0x20000080                g_keys_state
 .bss.rx_byte   0x20000081        0x1 ./Core/Src/comm_rpizero2w/comm_rpizero2w.o
 *fill*         0x20000082        0x2 
 .bss.frame     0x20000084        0x3 ./Core/Src/comm_rpizero2w/comm_rpizero2w.o
 .bss.idx       0x20000087        0x1 ./Core/Src/comm_rpizero2w/comm_rpizero2w.o
 .bss.last_rx_ms
                0x20000088        0x4 ./Core/Src/comm_rpizero2w/comm_rpizero2w.o
 .bss.hi2c1     0x2000008c       0x54 ./Core/Src/i2c.o
                0x2000008c                hi2c1
 .bss.htim1     0x200000e0       0x4c ./Core/Src/tim.o
                0x200000e0                htim1
 .bss.htim2     0x2000012c       0x4c ./Core/Src/tim.o
                0x2000012c                htim2
 .bss.htim3     0x20000178       0x4c ./Core/Src/tim.o
                0x20000178                htim3
 .bss.huart1    0x200001c4       0x88 ./Core/Src/usart.o
                0x200001c4                huart1
 .bss.s_inited  0x2000024c        0x1 ./Core/Src/imu_mpu6500/imu_mpu6500.o
 *fill*         0x2000024d        0x3 
 .bss.s_roll_deg
                0x20000250        0x4 ./Core/Src/imu_mpu6500/imu_mpu6500.o
 .bss.s_pitch_deg
                0x20000254        0x4 ./Core/Src/imu_mpu6500/imu_mpu6500.o
 .bss.s_last_ms
                0x20000258        0x4 ./Core/Src/imu_mpu6500/imu_mpu6500.o
 .bss.s_gx_bias
                0x2000025c        0x4 ./Core/Src/imu_mpu6500/imu_mpu6500.o
 .bss.s_gy_bias
                0x20000260        0x4 ./Core/Src/imu_mpu6500/imu_mpu6500.o
 .bss.s_gz_bias
                0x20000264        0x4 ./Core/Src/imu_mpu6500/imu_mpu6500.o
 .bss.u_htim    0x20000268        0x4 ./Core/Src/ultrasonic_hcsr04/ultrasonic_hcsr04.o
 .bss.uwTick    0x2000026c        0x4 ./Drivers/STM32F3xx_HAL_Driver/Src/stm32f3xx_hal.o
                0x2000026c                uwTick
 .bss.__sf      0x20000270      0x138 C:/ST/STM32CubeIDE_1.19.0/STM32CubeIDE/plugins/com.st.stm32cube.ide.mcu.externaltools.gnu-tools-for-stm32.13.3.rel1.win32_1.0.0.202411081344/tools/bin/../lib/gcc/arm-none-eabi/13.3.1/../../../../arm-none-eabi/lib/thumb/v7e-m+fp/hard\libc_nano.a(libc_a-findfp.o)
                0x20000270                __sf
 *(COMMON)
                0x200003a8                        . = ALIGN (0x4)
                0x200003a8                        _ebss = .
                0x200003a8                        __bss_end__ = _ebss

._user_heap_stack
                0x200003a8      0x600
                0x200003a8                        . = ALIGN (0x8)
                [!provide]                        PROVIDE (end = .)
                0x200003a8                        PROVIDE (_end = .)
                0x200005a8                        . = (. + _Min_Heap_Size)
 *fill*         0x200003a8      0x200 
                0x200009a8                        . = (. + _Min_Stack_Size)
 *fill*         0x200005a8      0x400 
                0x200009a8                        . = ALIGN (0x8)

/DISCARD/
 libc.a(*)
 libm.a(*)
 libgcc.a(*)

.ARM.attributes
                0x00000000       0x30
 *(.ARM.attributes)
 .ARM.attributes
                0x00000000       0x22 C:/ST/STM32CubeIDE_1.19.0/STM32CubeIDE/plugins/com.st.stm32cube.ide.mcu.externaltools.gnu-tools-for-stm32.13.3.rel1.win32_1.0.0.202411081344/tools/bin/../lib/gcc/arm-none-eabi/13.3.1/thumb/v7e-m+fp/hard/crti.o
 .ARM.attributes
                0x00000022       0x34 C:/ST/STM32CubeIDE_1.19.0/STM32CubeIDE/plugins/com.st.stm32cube.ide.mcu.externaltools.gnu-tools-for-stm32.13.3.rel1.win32_1.0.0.202411081344/tools/bin/../lib/gcc/arm-none-eabi/13.3.1/thumb/v7e-m+fp/hard/crtbegin.o
 .ARM.attributes
                0x00000056       0x34 ./Core/Src/comm_rpizero2w/comm_rpizero2w.o
 .ARM.attributes
                0x0000008a       0x34 ./Core/Src/gpio.o
 .ARM.attributes
                0x000000be       0x34 ./Core/Src/i2c.o
 .ARM.attributes
                0x000000f2       0x34 ./Core/Src/main.o
 .ARM.attributes
                0x00000126       0x34 ./Core/Src/stm32f3xx_hal_msp.o
 .ARM.attributes
                0x0000015a       0x34 ./Core/Src/stm32f3xx_it.o
 .ARM.attributes
                0x0000018e       0x34 ./Core/Src/system_stm32f3xx.o
 .ARM.attributes
                0x000001c2       0x34 ./Core/Src/tim.o
 .ARM.attributes
                0x000001f6       0x34 ./Core/Src/usart.o
 .ARM.attributes
                0x0000022a       0x34 ./Core/Src/imu_mpu6500/imu_mpu6500.o
 .ARM.attributes
                0x0000025e       0x34 ./Core/Src/ultrasonic_hcsr04/ultrasonic_hcsr04.o
 .ARM.attributes
                0x00000292       0x21 ./Core/Startup/startup_stm32f303k8tx.o
 .ARM.attributes
                0x000002b3       0x34 ./Drivers/STM32F3xx_HAL_Driver/Src/stm32f3xx_hal.o
 .ARM.attributes
                0x000002e7       0x34 ./Drivers/STM32F3xx_HAL_Driver/Src/stm32f3xx_hal_cortex.o
 .ARM.attributes
                0x0000031b       0x34 ./Drivers/STM32F3xx_HAL_Driver/Src/stm32f3xx_hal_dma.o
 .ARM.attributes
                0x0000034f       0x34 ./Drivers/STM32F3xx_HAL_Driver/Src/stm32f3xx_hal_gpio.o
 .ARM.attributes
                0x00000383       0x34 ./Drivers/STM32F3xx_HAL_Driver/Src/stm32f3xx_hal_i2c.o
 .ARM.attributes
                0x000003b7       0x34 ./Drivers/STM32F3xx_HAL_Driver/Src/stm32f3xx_hal_i2c_ex.o
 .ARM.attributes
                0x000003eb       0x34 ./Drivers/STM32F3xx_HAL_Driver/Src/stm32f3xx_hal_rcc.o
 .ARM.attributes
                0x0000041f       0x34 ./Drivers/STM32F3xx_HAL_Driver/Src/stm32f3xx_hal_rcc_ex.o
 .ARM.attributes
                0x00000453       0x34 ./Drivers/STM32F3xx_HAL_Driver/Src/stm32f3xx_hal_tim.o
 .ARM.attributes
                0x00000487       0x34 ./Drivers/STM32F3xx_HAL_Driver/Src/stm32f3xx_hal_tim_ex.o
 .ARM.attributes
                0x000004bb       0x34 ./Drivers/STM32F3xx_HAL_Driver/Src/stm32f3xx_hal_uart.o
 .ARM.attributes
                0x000004ef       0x34 ./Drivers/STM32F3xx_HAL_Driver/Src/stm32f3xx_hal_uart_ex.o
 .ARM.attributes
                0x00000523       0x34 C:/ST/STM32CubeIDE_1.19.0/STM32CubeIDE/plugins/com.st.stm32cube.ide.mcu.externaltools.gnu-tools-for-stm32.13.3.rel1.win32_1.0.0.202411081344/tools/bin/../lib/gcc/arm-none-eabi/13.3.1/../../../../arm-none-eabi/lib/thumb/v7e-m+fp/hard\libc_nano.a(libc_a-findfp.o)
 .ARM.attributes
                0x00000557       0x34 C:/ST/STM32CubeIDE_1.19.0/STM32CubeIDE/plugins/com.st.stm32cube.ide.mcu.externaltools.gnu-tools-for-stm32.13.3.rel1.win32_1.0.0.202411081344/tools/bin/../lib/gcc/arm-none-eabi/13.3.1/../../../../arm-none-eabi/lib/thumb/v7e-m+fp/hard\libc_nano.a(libc_a-memset.o)
 .ARM.attributes
                0x0000058b       0x34 C:/ST/STM32CubeIDE_1.19.0/STM32CubeIDE/plugins/com.st.stm32cube.ide.mcu.externaltools.gnu-tools-for-stm32.13.3.rel1.win32_1.0.0.202411081344/tools/bin/../lib/gcc/arm-none-eabi/13.3.1/../../../../arm-none-eabi/lib/thumb/v7e-m+fp/hard\libc_nano.a(libc_a-impure.o)
 .ARM.attributes
                0x000005bf       0x34 C:/ST/STM32CubeIDE_1.19.0/STM32CubeIDE/plugins/com.st.stm32cube.ide.mcu.externaltools.gnu-tools-for-stm32.13.3.rel1.win32_1.0.0.202411081344/tools/bin/../lib/gcc/arm-none-eabi/13.3.1/../../../../arm-none-eabi/lib/thumb/v7e-m+fp/hard\libc_nano.a(libc_a-errno.o)
 .ARM.attributes
                0x000005f3       0x34 C:/ST/STM32CubeIDE_1.19.0/STM32CubeIDE/plugins/com.st.stm32cube.ide.mcu.externaltools.gnu-tools-for-stm32.13.3.rel1.win32_1.0.0.202411081344/tools/bin/../lib/gcc/arm-none-eabi/13.3.1/../../../../arm-none-eabi/lib/thumb/v7e-m+fp/hard\libc_nano.a(libc_a-init.o)
 .ARM.attributes
                0x00000627       0x34 C:/ST/STM32CubeIDE_1.19.0/STM32CubeIDE/plugins/com.st.stm32cube.ide.mcu.externaltools.gnu-tools-for-stm32.13.3.rel1.win32_1.0.0.202411081344/tools/bin/../lib/gcc/arm-none-eabi/13.3.1/../../../../arm-none-eabi/lib/thumb/v7e-m+fp/hard\libc_nano.a(libc_a-memcpy-stub.o)
 .ARM.attributes
                0x0000065b       0x34 C:/ST/STM32CubeIDE_1.19.0/STM32CubeIDE/plugins/com.st.stm32cube.ide.mcu.externaltools.gnu-tools-for-stm32.13.3.rel1.win32_1.0.0.202411081344/tools/bin/../lib/gcc/arm-none-eabi/13.3.1/../../../../arm-none-eabi/lib/thumb/v7e-m+fp/hard\libm.a(libm_a-wf_atan2.o)
 .ARM.attributes
                0x0000068f       0x34 C:/ST/STM32CubeIDE_1.19.0/STM32CubeIDE/plugins/com.st.stm32cube.ide.mcu.externaltools.gnu-tools-for-stm32.13.3.rel1.win32_1.0.0.202411081344/tools/bin/../lib/gcc/arm-none-eabi/13.3.1/../../../../arm-none-eabi/lib/thumb/v7e-m+fp/hard\libm.a(libm_a-wf_sqrt.o)
 .ARM.attributes
                0x000006c3       0x34 C:/ST/STM32CubeIDE_1.19.0/STM32CubeIDE/plugins/com.st.stm32cube.ide.mcu.externaltools.gnu-tools-for-stm32.13.3.rel1.win32_1.0.0.202411081344/tools/bin/../lib/gcc/arm-none-eabi/13.3.1/../../../../arm-none-eabi/lib/thumb/v7e-m+fp/hard\libm.a(libm_a-ef_sqrt.o)
 .ARM.attributes
                0x000006f7       0x34 C:/ST/STM32CubeIDE_1.19.0/STM32CubeIDE/plugins/com.st.stm32cube.ide.mcu.externaltools.gnu-tools-for-stm32.13.3.rel1.win32_1.0.0.202411081344/tools/bin/../lib/gcc/arm-none-eabi/13.3.1/../../../../arm-none-eabi/lib/thumb/v7e-m+fp/hard\libm.a(libm_a-ef_atan2.o)
 .ARM.attributes
                0x0000072b       0x34 C:/ST/STM32CubeIDE_1.19.0/STM32CubeIDE/plugins/com.st.stm32cube.ide.mcu.externaltools.gnu-tools-for-stm32.13.3.rel1.win32_1.0.0.202411081344/tools/bin/../lib/gcc/arm-none-eabi/13.3.1/../../../../arm-none-eabi/lib/thumb/v7e-m+fp/hard\libm.a(libm_a-sf_atan.o)
 .ARM.attributes
                0x0000075f       0x34 C:/ST/STM32CubeIDE_1.19.0/STM32CubeIDE/plugins/com.st.stm32cube.ide.mcu.externaltools.gnu-tools-for-stm32.13.3.rel1.win32_1.0.0.202411081344/tools/bin/../lib/gcc/arm-none-eabi/13.3.1/../../../../arm-none-eabi/lib/thumb/v7e-m+fp/hard\libm.a(libm_a-sf_fabs.o)
 .ARM.attributes
                0x00000793       0x22 C:/ST/STM32CubeIDE_1.19.0/STM32CubeIDE/plugins/com.st.stm32cube.ide.mcu.externaltools.gnu-tools-for-stm32.13.3.rel1.win32_1.0.0.202411081344/tools/bin/../lib/gcc/arm-none-eabi/13.3.1/thumb/v7e-m+fp/hard/crtn.o
OUTPUT(Twis_project.elf elf32-littlearm)
LOAD linker stubs
LOAD C:/ST/STM32CubeIDE_1.19.0/STM32CubeIDE/plugins/com.st.stm32cube.ide.mcu.externaltools.gnu-tools-for-stm32.13.3.rel1.win32_1.0.0.202411081344/tools/bin/../lib/gcc/arm-none-eabi/13.3.1/../../../../arm-none-eabi/lib/thumb/v7e-m+fp/hard\libc.a
LOAD C:/ST/STM32CubeIDE_1.19.0/STM32CubeIDE/plugins/com.st.stm32cube.ide.mcu.externaltools.gnu-tools-for-stm32.13.3.rel1.win32_1.0.0.202411081344/tools/bin/../lib/gcc/arm-none-eabi/13.3.1/../../../../arm-none-eabi/lib/thumb/v7e-m+fp/hard\libm.a
LOAD C:/ST/STM32CubeIDE_1.19.0/STM32CubeIDE/plugins/com.st.stm32cube.ide.mcu.externaltools.gnu-tools-for-stm32.13.3.rel1.win32_1.0.0.202411081344/tools/bin/../lib/gcc/arm-none-eabi/13.3.1/thumb/v7e-m+fp/hard\libgcc.a

.debug_info     0x00000000    0x148ca
 .debug_info    0x00000000      0x9e1 ./Core/Src/comm_rpizero2w/comm_rpizero2w.o
 .debug_info    0x000009e1      0x305 ./Core/Src/gpio.o
 .debug_info    0x00000ce6      0x8b4 ./Core/Src/i2c.o
 .debug_info    0x0000159a      0xbb0 ./Core/Src/main.o
 .debug_info    0x0000214a      0x18d ./Core/Src/stm32f3xx_hal_msp.o
 .debug_info    0x000022d7      0xa8a ./Core/Src/stm32f3xx_it.o
 .debug_info    0x00002d61      0x407 ./Core/Src/system_stm32f3xx.o
 .debug_info    0x00003168      0xea4 ./Core/Src/tim.o
 .debug_info    0x0000400c      0xab8 ./Core/Src/usart.o
 .debug_info    0x00004ac4      0xcd6 ./Core/Src/imu_mpu6500/imu_mpu6500.o
 .debug_info    0x0000579a      0x84c ./Core/Src/ultrasonic_hcsr04/ultrasonic_hcsr04.o
 .debug_info    0x00005fe6       0x30 ./Core/Startup/startup_stm32f303k8tx.o
 .debug_info    0x00006016      0x74a ./Drivers/STM32F3xx_HAL_Driver/Src/stm32f3xx_hal.o
 .debug_info    0x00006760      0xa87 ./Drivers/STM32F3xx_HAL_Driver/Src/stm32f3xx_hal_cortex.o
 .debug_info    0x000071e7      0x6e1 ./Drivers/STM32F3xx_HAL_Driver/Src/stm32f3xx_hal_dma.o
 .debug_info    0x000078c8      0x6a6 ./Drivers/STM32F3xx_HAL_Driver/Src/stm32f3xx_hal_gpio.o
 .debug_info    0x00007f6e     0x20c3 ./Drivers/STM32F3xx_HAL_Driver/Src/stm32f3xx_hal_i2c.o
 .debug_info    0x0000a031      0x8c0 ./Drivers/STM32F3xx_HAL_Driver/Src/stm32f3xx_hal_i2c_ex.o
 .debug_info    0x0000a8f1     0x148a ./Drivers/STM32F3xx_HAL_Driver/Src/stm32f3xx_hal_rcc.o
 .debug_info    0x0000bd7b      0x52e ./Drivers/STM32F3xx_HAL_Driver/Src/stm32f3xx_hal_rcc_ex.o
 .debug_info    0x0000c2a9     0x2a70 ./Drivers/STM32F3xx_HAL_Driver/Src/stm32f3xx_hal_tim.o
 .debug_info    0x0000ed19     0x156d ./Drivers/STM32F3xx_HAL_Driver/Src/stm32f3xx_hal_tim_ex.o
 .debug_info    0x00010286     0x39a8 ./Drivers/STM32F3xx_HAL_Driver/Src/stm32f3xx_hal_uart.o
 .debug_info    0x00013c2e      0xc9c ./Drivers/STM32F3xx_HAL_Driver/Src/stm32f3xx_hal_uart_ex.o

.debug_abbrev   0x00000000     0x316b
 .debug_abbrev  0x00000000      0x267 ./Core/Src/comm_rpizero2w/comm_rpizero2w.o
 .debug_abbrev  0x00000267      0x151 ./Core/Src/gpio.o
 .debug_abbrev  0x000003b8      0x214 ./Core/Src/i2c.o
 .debug_abbrev  0x000005cc      0x273 ./Core/Src/main.o
 .debug_abbrev  0x0000083f       0xc6 ./Core/Src/stm32f3xx_hal_msp.o
 .debug_abbrev  0x00000905      0x19c ./Core/Src/stm32f3xx_it.o
 .debug_abbrev  0x00000aa1      0x11a ./Core/Src/system_stm32f3xx.o
 .debug_abbrev  0x00000bbb      0x288 ./Core/Src/tim.o
 .debug_abbrev  0x00000e43      0x1fb ./Core/Src/usart.o
 .debug_abbrev  0x0000103e      0x26b ./Core/Src/imu_mpu6500/imu_mpu6500.o
 .debug_abbrev  0x000012a9      0x1ec ./Core/Src/ultrasonic_hcsr04/ultrasonic_hcsr04.o
 .debug_abbrev  0x00001495       0x24 ./Core/Startup/startup_stm32f303k8tx.o
 .debug_abbrev  0x000014b9      0x215 ./Drivers/STM32F3xx_HAL_Driver/Src/stm32f3xx_hal.o
 .debug_abbrev  0x000016ce      0x2f8 ./Drivers/STM32F3xx_HAL_Driver/Src/stm32f3xx_hal_cortex.o
 .debug_abbrev  0x000019c6      0x20d ./Drivers/STM32F3xx_HAL_Driver/Src/stm32f3xx_hal_dma.o
 .debug_abbrev  0x00001bd3      0x1ca ./Drivers/STM32F3xx_HAL_Driver/Src/stm32f3xx_hal_gpio.o
 .debug_abbrev  0x00001d9d      0x260 ./Drivers/STM32F3xx_HAL_Driver/Src/stm32f3xx_hal_i2c.o
 .debug_abbrev  0x00001ffd      0x1c2 ./Drivers/STM32F3xx_HAL_Driver/Src/stm32f3xx_hal_i2c_ex.o
 .debug_abbrev  0x000021bf      0x300 ./Drivers/STM32F3xx_HAL_Driver/Src/stm32f3xx_hal_rcc.o
 .debug_abbrev  0x000024bf      0x221 ./Drivers/STM32F3xx_HAL_Driver/Src/stm32f3xx_hal_rcc_ex.o
 .debug_abbrev  0x000026e0      0x278 ./Drivers/STM32F3xx_HAL_Driver/Src/stm32f3xx_hal_tim.o
 .debug_abbrev  0x00002958      0x283 ./Drivers/STM32F3xx_HAL_Driver/Src/stm32f3xx_hal_tim_ex.o
 .debug_abbrev  0x00002bdb      0x2d1 ./Drivers/STM32F3xx_HAL_Driver/Src/stm32f3xx_hal_uart.o
 .debug_abbrev  0x00002eac      0x2bf ./Drivers/STM32F3xx_HAL_Driver/Src/stm32f3xx_hal_uart_ex.o

.debug_aranges  0x00000000     0x1130
 .debug_aranges
                0x00000000       0x58 ./Core/Src/comm_rpizero2w/comm_rpizero2w.o
 .debug_aranges
                0x00000058       0x20 ./Core/Src/gpio.o
 .debug_aranges
                0x00000078       0x30 ./Core/Src/i2c.o
 .debug_aranges
                0x000000a8       0x30 ./Core/Src/main.o
 .debug_aranges
                0x000000d8       0x20 ./Core/Src/stm32f3xx_hal_msp.o
 .debug_aranges
                0x000000f8       0x70 ./Core/Src/stm32f3xx_it.o
 .debug_aranges
                0x00000168       0x28 ./Core/Src/system_stm32f3xx.o
 .debug_aranges
                0x00000190       0x58 ./Core/Src/tim.o
 .debug_aranges
                0x000001e8       0x30 ./Core/Src/usart.o
 .debug_aranges
                0x00000218       0x60 ./Core/Src/imu_mpu6500/imu_mpu6500.o
 .debug_aranges
                0x00000278       0x38 ./Core/Src/ultrasonic_hcsr04/ultrasonic_hcsr04.o
 .debug_aranges
                0x000002b0       0x28 ./Core/Startup/startup_stm32f303k8tx.o
 .debug_aranges
                0x000002d8       0xe0 ./Drivers/STM32F3xx_HAL_Driver/Src/stm32f3xx_hal.o
 .debug_aranges
                0x000003b8      0x100 ./Drivers/STM32F3xx_HAL_Driver/Src/stm32f3xx_hal_cortex.o
 .debug_aranges
                0x000004b8       0x88 ./Drivers/STM32F3xx_HAL_Driver/Src/stm32f3xx_hal_dma.o
 .debug_aranges
                0x00000540       0x58 ./Drivers/STM32F3xx_HAL_Driver/Src/stm32f3xx_hal_gpio.o
 .debug_aranges
                0x00000598      0x2a0 ./Drivers/STM32F3xx_HAL_Driver/Src/stm32f3xx_hal_i2c.o
 .debug_aranges
                0x00000838       0x48 ./Drivers/STM32F3xx_HAL_Driver/Src/stm32f3xx_hal_i2c_ex.o
 .debug_aranges
                0x00000880       0x88 ./Drivers/STM32F3xx_HAL_Driver/Src/stm32f3xx_hal_rcc.o
 .debug_aranges
                0x00000908       0x38 ./Drivers/STM32F3xx_HAL_Driver/Src/stm32f3xx_hal_rcc_ex.o
 .debug_aranges
                0x00000940      0x3e0 ./Drivers/STM32F3xx_HAL_Driver/Src/stm32f3xx_hal_tim.o
 .debug_aranges
                0x00000d20      0x178 ./Drivers/STM32F3xx_HAL_Driver/Src/stm32f3xx_hal_tim_ex.o
 .debug_aranges
                0x00000e98      0x228 ./Drivers/STM32F3xx_HAL_Driver/Src/stm32f3xx_hal_uart.o
 .debug_aranges
                0x000010c0       0x70 ./Drivers/STM32F3xx_HAL_Driver/Src/stm32f3xx_hal_uart_ex.o

.debug_rnglists
                0x00000000      0xd6f
 .debug_rnglists
                0x00000000       0x3e ./Core/Src/comm_rpizero2w/comm_rpizero2w.o
 .debug_rnglists
                0x0000003e       0x14 ./Core/Src/gpio.o
 .debug_rnglists
                0x00000052       0x21 ./Core/Src/i2c.o
 .debug_rnglists
                0x00000073       0x21 ./Core/Src/main.o
 .debug_rnglists
                0x00000094       0x13 ./Core/Src/stm32f3xx_hal_msp.o
 .debug_rnglists
                0x000000a7       0x4f ./Core/Src/stm32f3xx_it.o
 .debug_rnglists
                0x000000f6       0x1a ./Core/Src/system_stm32f3xx.o
 .debug_rnglists
                0x00000110       0x42 ./Core/Src/tim.o
 .debug_rnglists
                0x00000152       0x20 ./Core/Src/usart.o
 .debug_rnglists
                0x00000172       0x47 ./Core/Src/imu_mpu6500/imu_mpu6500.o
 .debug_rnglists
                0x000001b9       0x26 ./Core/Src/ultrasonic_hcsr04/ultrasonic_hcsr04.o
 .debug_rnglists
                0x000001df       0x19 ./Core/Startup/startup_stm32f303k8tx.o
 .debug_rnglists
                0x000001f8       0xa3 ./Drivers/STM32F3xx_HAL_Driver/Src/stm32f3xx_hal.o
 .debug_rnglists
                0x0000029b       0xbb ./Drivers/STM32F3xx_HAL_Driver/Src/stm32f3xx_hal_cortex.o
 .debug_rnglists
                0x00000356       0x69 ./Drivers/STM32F3xx_HAL_Driver/Src/stm32f3xx_hal_dma.o
 .debug_rnglists
                0x000003bf       0x3f ./Drivers/STM32F3xx_HAL_Driver/Src/stm32f3xx_hal_gpio.o
 .debug_rnglists
                0x000003fe      0x228 ./Drivers/STM32F3xx_HAL_Driver/Src/stm32f3xx_hal_i2c.o
 .debug_rnglists
                0x00000626       0x35 ./Drivers/STM32F3xx_HAL_Driver/Src/stm32f3xx_hal_i2c_ex.o
 .debug_rnglists
                0x0000065b       0x66 ./Drivers/STM32F3xx_HAL_Driver/Src/stm32f3xx_hal_rcc.o
 .debug_rnglists
                0x000006c1       0x27 ./Drivers/STM32F3xx_HAL_Driver/Src/stm32f3xx_hal_rcc_ex.o
 .debug_rnglists
                0x000006e8      0x328 ./Drivers/STM32F3xx_HAL_Driver/Src/stm32f3xx_hal_tim.o
 .debug_rnglists
                0x00000a10      0x131 ./Drivers/STM32F3xx_HAL_Driver/Src/stm32f3xx_hal_tim_ex.o
 .debug_rnglists
                0x00000b41      0x1da ./Drivers/STM32F3xx_HAL_Driver/Src/stm32f3xx_hal_uart.o
 .debug_rnglists
                0x00000d1b       0x54 ./Drivers/STM32F3xx_HAL_Driver/Src/stm32f3xx_hal_uart_ex.o

.debug_macro    0x00000000    0x1cc9a
 .debug_macro   0x00000000      0x2d8 ./Core/Src/comm_rpizero2w/comm_rpizero2w.o
 .debug_macro   0x000002d8      0xad8 ./Core/Src/comm_rpizero2w/comm_rpizero2w.o
 .debug_macro   0x00000db0      0x15e ./Core/Src/comm_rpizero2w/comm_rpizero2w.o
 .debug_macro   0x00000f0e       0x2e ./Core/Src/comm_rpizero2w/comm_rpizero2w.o
 .debug_macro   0x00000f3c       0x28 ./Core/Src/comm_rpizero2w/comm_rpizero2w.o
 .debug_macro   0x00000f64       0x22 ./Core/Src/comm_rpizero2w/comm_rpizero2w.o
 .debug_macro   0x00000f86       0x8e ./Core/Src/comm_rpizero2w/comm_rpizero2w.o
 .debug_macro   0x00001014       0x51 ./Core/Src/comm_rpizero2w/comm_rpizero2w.o
 .debug_macro   0x00001065      0x103 ./Core/Src/comm_rpizero2w/comm_rpizero2w.o
 .debug_macro   0x00001168       0x6a ./Core/Src/comm_rpizero2w/comm_rpizero2w.o
 .debug_macro   0x000011d2      0x1df ./Core/Src/comm_rpizero2w/comm_rpizero2w.o
 .debug_macro   0x000013b1       0x1c ./Core/Src/comm_rpizero2w/comm_rpizero2w.o
 .debug_macro   0x000013cd       0x22 ./Core/Src/comm_rpizero2w/comm_rpizero2w.o
 .debug_macro   0x000013ef       0xd9 ./Core/Src/comm_rpizero2w/comm_rpizero2w.o
 .debug_macro   0x000014c8      0xf07 ./Core/Src/comm_rpizero2w/comm_rpizero2w.o
 .debug_macro   0x000023cf    0x10be0 ./Core/Src/comm_rpizero2w/comm_rpizero2w.o
 .debug_macro   0x00012faf       0x6d ./Core/Src/comm_rpizero2w/comm_rpizero2w.o
 .debug_macro   0x0001301c     0x3574 ./Core/Src/comm_rpizero2w/comm_rpizero2w.o
 .debug_macro   0x00016590      0x190 ./Core/Src/comm_rpizero2w/comm_rpizero2w.o
 .debug_macro   0x00016720       0x55 ./Core/Src/comm_rpizero2w/comm_rpizero2w.o
 .debug_macro   0x00016775      0x8f8 ./Core/Src/comm_rpizero2w/comm_rpizero2w.o
 .debug_macro   0x0001706d      0x304 ./Core/Src/comm_rpizero2w/comm_rpizero2w.o
 .debug_macro   0x00017371      0x1b5 ./Core/Src/comm_rpizero2w/comm_rpizero2w.o
 .debug_macro   0x00017526      0x11b ./Core/Src/comm_rpizero2w/comm_rpizero2w.o
 .debug_macro   0x00017641      0x1d5 ./Core/Src/comm_rpizero2w/comm_rpizero2w.o
 .debug_macro   0x00017816      0x1bc ./Core/Src/comm_rpizero2w/comm_rpizero2w.o
 .debug_macro   0x000179d2       0x34 ./Core/Src/comm_rpizero2w/comm_rpizero2w.o
 .debug_macro   0x00017a06       0x3c ./Core/Src/comm_rpizero2w/comm_rpizero2w.o
 .debug_macro   0x00017a42       0x57 ./Core/Src/comm_rpizero2w/comm_rpizero2w.o
 .debug_macro   0x00017a99       0xc5 ./Core/Src/comm_rpizero2w/comm_rpizero2w.o
 .debug_macro   0x00017b5e      0x19f ./Core/Src/comm_rpizero2w/comm_rpizero2w.o
 .debug_macro   0x00017cfd      0x22c ./Core/Src/comm_rpizero2w/comm_rpizero2w.o
 .debug_macro   0x00017f29       0x5b ./Core/Src/comm_rpizero2w/comm_rpizero2w.o
 .debug_macro   0x00017f84       0xa5 ./Core/Src/comm_rpizero2w/comm_rpizero2w.o
 .debug_macro   0x00018029       0x81 ./Core/Src/comm_rpizero2w/comm_rpizero2w.o
 .debug_macro   0x000180aa       0xd3 ./Core/Src/comm_rpizero2w/comm_rpizero2w.o
 .debug_macro   0x0001817d      0xa60 ./Core/Src/comm_rpizero2w/comm_rpizero2w.o
 .debug_macro   0x00018bdd       0x59 ./Core/Src/comm_rpizero2w/comm_rpizero2w.o
 .debug_macro   0x00018c36      0x5ba ./Core/Src/comm_rpizero2w/comm_rpizero2w.o
 .debug_macro   0x000191f0       0x44 ./Core/Src/comm_rpizero2w/comm_rpizero2w.o
 .debug_macro   0x00019234      0x285 ./Core/Src/comm_rpizero2w/comm_rpizero2w.o
 .debug_macro   0x000194b9       0x22 ./Core/Src/comm_rpizero2w/comm_rpizero2w.o
 .debug_macro   0x000194db       0x4c ./Core/Src/comm_rpizero2w/comm_rpizero2w.o
 .debug_macro   0x00019527       0x28 ./Core/Src/comm_rpizero2w/comm_rpizero2w.o
 .debug_macro   0x0001954f       0x61 ./Core/Src/comm_rpizero2w/comm_rpizero2w.o
 .debug_macro   0x000195b0       0x2a ./Core/Src/comm_rpizero2w/comm_rpizero2w.o
 .debug_macro   0x000195da       0x43 ./Core/Src/comm_rpizero2w/comm_rpizero2w.o
 .debug_macro   0x0001961d       0x34 ./Core/Src/comm_rpizero2w/comm_rpizero2w.o
 .debug_macro   0x00019651      0x370 ./Core/Src/comm_rpizero2w/comm_rpizero2w.o
 .debug_macro   0x000199c1       0x16 ./Core/Src/comm_rpizero2w/comm_rpizero2w.o
 .debug_macro   0x000199d7       0x4a ./Core/Src/comm_rpizero2w/comm_rpizero2w.o
 .debug_macro   0x00019a21       0x34 ./Core/Src/comm_rpizero2w/comm_rpizero2w.o
 .debug_macro   0x00019a55       0x10 ./Core/Src/comm_rpizero2w/comm_rpizero2w.o
 .debug_macro   0x00019a65       0x58 ./Core/Src/comm_rpizero2w/comm_rpizero2w.o
 .debug_macro   0x00019abd       0x8e ./Core/Src/comm_rpizero2w/comm_rpizero2w.o
 .debug_macro   0x00019b4b       0x1c ./Core/Src/comm_rpizero2w/comm_rpizero2w.o
 .debug_macro   0x00019b67      0x185 ./Core/Src/comm_rpizero2w/comm_rpizero2w.o
 .debug_macro   0x00019cec       0x10 ./Core/Src/comm_rpizero2w/comm_rpizero2w.o
 .debug_macro   0x00019cfc       0x3c ./Core/Src/comm_rpizero2w/comm_rpizero2w.o
 .debug_macro   0x00019d38       0x20 ./Core/Src/comm_rpizero2w/comm_rpizero2w.o
 .debug_macro   0x00019d58      0x1ec ./Core/Src/gpio.o
 .debug_macro   0x00019f44       0x10 ./Core/Src/gpio.o
 .debug_macro   0x00019f54      0x1e7 ./Core/Src/i2c.o
 .debug_macro   0x0001a13b      0x337 ./Core/Src/main.o
 .debug_macro   0x0001a472       0x16 ./Core/Src/main.o
 .debug_macro   0x0001a488       0x16 ./Core/Src/main.o
 .debug_macro   0x0001a49e       0x10 ./Core/Src/main.o
 .debug_macro   0x0001a4ae       0x16 ./Core/Src/main.o
 .debug_macro   0x0001a4c4       0x16 ./Core/Src/main.o
 .debug_macro   0x0001a4da      0x146 ./Core/Src/main.o
 .debug_macro   0x0001a620       0x16 ./Core/Src/main.o
 .debug_macro   0x0001a636       0x2e ./Core/Src/main.o
 .debug_macro   0x0001a664      0x1dd ./Core/Src/stm32f3xx_hal_msp.o
 .debug_macro   0x0001a841      0x1e7 ./Core/Src/stm32f3xx_it.o
 .debug_macro   0x0001aa28      0x1c5 ./Core/Src/system_stm32f3xx.o
 .debug_macro   0x0001abed      0x1e7 ./Core/Src/tim.o
 .debug_macro   0x0001add4      0x1e7 ./Core/Src/usart.o
 .debug_macro   0x0001afbb      0x2e8 ./Core/Src/imu_mpu6500/imu_mpu6500.o
 .debug_macro   0x0001b2a3      0x19b ./Core/Src/imu_mpu6500/imu_mpu6500.o
 .debug_macro   0x0001b43e      0x1e7 ./Core/Src/ultrasonic_hcsr04/ultrasonic_hcsr04.o
 .debug_macro   0x0001b625      0x1e9 ./Drivers/STM32F3xx_HAL_Driver/Src/stm32f3xx_hal.o
 .debug_macro   0x0001b80e      0x1c5 ./Drivers/STM32F3xx_HAL_Driver/Src/stm32f3xx_hal_cortex.o
 .debug_macro   0x0001b9d3      0x1c5 ./Drivers/STM32F3xx_HAL_Driver/Src/stm32f3xx_hal_dma.o
 .debug_macro   0x0001bb98      0x1cc ./Drivers/STM32F3xx_HAL_Driver/Src/stm32f3xx_hal_gpio.o
 .debug_macro   0x0001bd64      0x291 ./Drivers/STM32F3xx_HAL_Driver/Src/stm32f3xx_hal_i2c.o
 .debug_macro   0x0001bff5      0x1c5 ./Drivers/STM32F3xx_HAL_Driver/Src/stm32f3xx_hal_i2c_ex.o
 .debug_macro   0x0001c1ba      0x1e9 ./Drivers/STM32F3xx_HAL_Driver/Src/stm32f3xx_hal_rcc.o
 .debug_macro   0x0001c3a3      0x1c5 ./Drivers/STM32F3xx_HAL_Driver/Src/stm32f3xx_hal_rcc_ex.o
 .debug_macro   0x0001c568      0x1c6 ./Drivers/STM32F3xx_HAL_Driver/Src/stm32f3xx_hal_tim.o
 .debug_macro   0x0001c72e      0x1c5 ./Drivers/STM32F3xx_HAL_Driver/Src/stm32f3xx_hal_tim_ex.o
 .debug_macro   0x0001c8f3      0x1e2 ./Drivers/STM32F3xx_HAL_Driver/Src/stm32f3xx_hal_uart.o
 .debug_macro   0x0001cad5      0x1c5 ./Drivers/STM32F3xx_HAL_Driver/Src/stm32f3xx_hal_uart_ex.o

.debug_line     0x00000000    0x17fd2
 .debug_line    0x00000000      0xa3e ./Core/Src/comm_rpizero2w/comm_rpizero2w.o
 .debug_line    0x00000a3e      0x78b ./Core/Src/gpio.o
 .debug_line    0x000011c9      0x7f8 ./Core/Src/i2c.o
 .debug_line    0x000019c1      0xabc ./Core/Src/main.o
 .debug_line    0x0000247d      0x76f ./Core/Src/stm32f3xx_hal_msp.o
 .debug_line    0x00002bec      0x84e ./Core/Src/stm32f3xx_it.o
 .debug_line    0x0000343a      0x7dc ./Core/Src/system_stm32f3xx.o
 .debug_line    0x00003c16      0x9be ./Core/Src/tim.o
 .debug_line    0x000045d4      0x7e6 ./Core/Src/usart.o
 .debug_line    0x00004dba      0xcd6 ./Core/Src/imu_mpu6500/imu_mpu6500.o
 .debug_line    0x00005a90      0x820 ./Core/Src/ultrasonic_hcsr04/ultrasonic_hcsr04.o
 .debug_line    0x000062b0       0x7a ./Core/Startup/startup_stm32f303k8tx.o
 .debug_line    0x0000632a      0xa18 ./Drivers/STM32F3xx_HAL_Driver/Src/stm32f3xx_hal.o
 .debug_line    0x00006d42      0xbdc ./Drivers/STM32F3xx_HAL_Driver/Src/stm32f3xx_hal_cortex.o
 .debug_line    0x0000791e      0xce2 ./Drivers/STM32F3xx_HAL_Driver/Src/stm32f3xx_hal_dma.o
 .debug_line    0x00008600      0xb4f ./Drivers/STM32F3xx_HAL_Driver/Src/stm32f3xx_hal_gpio.o
 .debug_line    0x0000914f     0x3769 ./Drivers/STM32F3xx_HAL_Driver/Src/stm32f3xx_hal_i2c.o
 .debug_line    0x0000c8b8      0x8c8 ./Drivers/STM32F3xx_HAL_Driver/Src/stm32f3xx_hal_i2c_ex.o
 .debug_line    0x0000d180     0x1577 ./Drivers/STM32F3xx_HAL_Driver/Src/stm32f3xx_hal_rcc.o
 .debug_line    0x0000e6f7      0xad8 ./Drivers/STM32F3xx_HAL_Driver/Src/stm32f3xx_hal_rcc_ex.o
 .debug_line    0x0000f1cf     0x3ce3 ./Drivers/STM32F3xx_HAL_Driver/Src/stm32f3xx_hal_tim.o
 .debug_line    0x00012eb2     0x19d7 ./Drivers/STM32F3xx_HAL_Driver/Src/stm32f3xx_hal_tim_ex.o
 .debug_line    0x00014889     0x2c02 ./Drivers/STM32F3xx_HAL_Driver/Src/stm32f3xx_hal_uart.o
 .debug_line    0x0001748b      0xb47 ./Drivers/STM32F3xx_HAL_Driver/Src/stm32f3xx_hal_uart_ex.o

.debug_str      0x00000000    0xa6831
 .debug_str     0x00000000    0xa6831 ./Core/Src/comm_rpizero2w/comm_rpizero2w.o
                              0xa10b6 (size before relaxing)
 .debug_str     0x000a6831    0x9d953 ./Core/Src/gpio.o
 .debug_str     0x000a6831    0x9de29 ./Core/Src/i2c.o
 .debug_str     0x000a6831    0xa1a5a ./Core/Src/main.o
 .debug_str     0x000a6831    0x9d861 ./Core/Src/stm32f3xx_hal_msp.o
 .debug_str     0x000a6831    0x9e056 ./Core/Src/stm32f3xx_it.o
 .debug_str     0x000a6831    0x9d7db ./Core/Src/system_stm32f3xx.o
 .debug_str     0x000a6831    0x9e43d ./Core/Src/tim.o
 .debug_str     0x000a6831    0x9e0de ./Core/Src/usart.o
 .debug_str     0x000a6831    0xa197f ./Core/Src/imu_mpu6500/imu_mpu6500.o
 .debug_str     0x000a6831    0x9dd66 ./Core/Src/ultrasonic_hcsr04/ultrasonic_hcsr04.o
 .debug_str     0x000a6831       0x83 ./Core/Startup/startup_stm32f303k8tx.o
 .debug_str     0x000a6831    0x9decb ./Drivers/STM32F3xx_HAL_Driver/Src/stm32f3xx_hal.o
 .debug_str     0x000a6831    0x9ddf0 ./Drivers/STM32F3xx_HAL_Driver/Src/stm32f3xx_hal_cortex.o
 .debug_str     0x000a6831    0x9db23 ./Drivers/STM32F3xx_HAL_Driver/Src/stm32f3xx_hal_dma.o
 .debug_str     0x000a6831    0x9d9ba ./Drivers/STM32F3xx_HAL_Driver/Src/stm32f3xx_hal_gpio.o
 .debug_str     0x000a6831    0x9eadb ./Drivers/STM32F3xx_HAL_Driver/Src/stm32f3xx_hal_i2c.o
 .debug_str     0x000a6831    0x9dd58 ./Drivers/STM32F3xx_HAL_Driver/Src/stm32f3xx_hal_i2c_ex.o
 .debug_str     0x000a6831    0x9dc7b ./Drivers/STM32F3xx_HAL_Driver/Src/stm32f3xx_hal_rcc.o
 .debug_str     0x000a6831    0x9d97a ./Drivers/STM32F3xx_HAL_Driver/Src/stm32f3xx_hal_rcc_ex.o
 .debug_str     0x000a6831    0x9ec12 ./Drivers/STM32F3xx_HAL_Driver/Src/stm32f3xx_hal_tim.o
 .debug_str     0x000a6831    0x9e458 ./Drivers/STM32F3xx_HAL_Driver/Src/stm32f3xx_hal_tim_ex.o
 .debug_str     0x000a6831    0x9e4fe ./Drivers/STM32F3xx_HAL_Driver/Src/stm32f3xx_hal_uart.o
 .debug_str     0x000a6831    0x9de03 ./Drivers/STM32F3xx_HAL_Driver/Src/stm32f3xx_hal_uart_ex.o

.comment        0x00000000       0x43
 .comment       0x00000000       0x43 ./Core/Src/comm_rpizero2w/comm_rpizero2w.o
                                 0x44 (size before relaxing)
 .comment       0x00000043       0x44 ./Core/Src/gpio.o
 .comment       0x00000043       0x44 ./Core/Src/i2c.o
 .comment       0x00000043       0x44 ./Core/Src/main.o
 .comment       0x00000043       0x44 ./Core/Src/stm32f3xx_hal_msp.o
 .comment       0x00000043       0x44 ./Core/Src/stm32f3xx_it.o
 .comment       0x00000043       0x44 ./Core/Src/system_stm32f3xx.o
 .comment       0x00000043       0x44 ./Core/Src/tim.o
 .comment       0x00000043       0x44 ./Core/Src/usart.o
 .comment       0x00000043       0x44 ./Core/Src/imu_mpu6500/imu_mpu6500.o
 .comment       0x00000043       0x44 ./Core/Src/ultrasonic_hcsr04/ultrasonic_hcsr04.o
 .comment       0x00000043       0x44 ./Drivers/STM32F3xx_HAL_Driver/Src/stm32f3xx_hal.o
 .comment       0x00000043       0x44 ./Drivers/STM32F3xx_HAL_Driver/Src/stm32f3xx_hal_cortex.o
 .comment       0x00000043       0x44 ./Drivers/STM32F3xx_HAL_Driver/Src/stm32f3xx_hal_dma.o
 .comment       0x00000043       0x44 ./Drivers/STM32F3xx_HAL_Driver/Src/stm32f3xx_hal_gpio.o
 .comment       0x00000043       0x44 ./Drivers/STM32F3xx_HAL_Driver/Src/stm32f3xx_hal_i2c.o
 .comment       0x00000043       0x44 ./Drivers/STM32F3xx_HAL_Driver/Src/stm32f3xx_hal_i2c_ex.o
 .comment       0x00000043       0x44 ./Drivers/STM32F3xx_HAL_Driver/Src/stm32f3xx_hal_rcc.o
 .comment       0x00000043       0x44 ./Drivers/STM32F3xx_HAL_Driver/Src/stm32f3xx_hal_rcc_ex.o
 .comment       0x00000043       0x44 ./Drivers/STM32F3xx_HAL_Driver/Src/stm32f3xx_hal_tim.o
 .comment       0x00000043       0x44 ./Drivers/STM32F3xx_HAL_Driver/Src/stm32f3xx_hal_tim_ex.o
 .comment       0x00000043       0x44 ./Drivers/STM32F3xx_HAL_Driver/Src/stm32f3xx_hal_uart.o
 .comment       0x00000043       0x44 ./Drivers/STM32F3xx_HAL_Driver/Src/stm32f3xx_hal_uart_ex.o

.debug_frame    0x00000000     0x4980
 .debug_frame   0x00000000      0x120 ./Core/Src/comm_rpizero2w/comm_rpizero2w.o
 .debug_frame   0x00000120       0x34 ./Core/Src/gpio.o
 .debug_frame   0x00000154       0x74 ./Core/Src/i2c.o
 .debug_frame   0x000001c8       0x6c ./Core/Src/main.o
 .debug_frame   0x00000234       0x38 ./Core/Src/stm32f3xx_hal_msp.o
 .debug_frame   0x0000026c      0x13c ./Core/Src/stm32f3xx_it.o
 .debug_frame   0x000003a8       0x58 ./Core/Src/system_stm32f3xx.o
 .debug_frame   0x00000400      0x138 ./Core/Src/tim.o
 .debug_frame   0x00000538       0x74 ./Core/Src/usart.o
 .debug_frame   0x000005ac      0x164 ./Core/Src/imu_mpu6500/imu_mpu6500.o
 .debug_frame   0x00000710       0xa4 ./Core/Src/ultrasonic_hcsr04/ultrasonic_hcsr04.o
 .debug_frame   0x000007b4      0x334 ./Drivers/STM32F3xx_HAL_Driver/Src/stm32f3xx_hal.o
 .debug_frame   0x00000ae8      0x428 ./Drivers/STM32F3xx_HAL_Driver/Src/stm32f3xx_hal_cortex.o
 .debug_frame   0x00000f10      0x224 ./Drivers/STM32F3xx_HAL_Driver/Src/stm32f3xx_hal_dma.o
 .debug_frame   0x00001134      0x14c ./Drivers/STM32F3xx_HAL_Driver/Src/stm32f3xx_hal_gpio.o
 .debug_frame   0x00001280      0xc38 ./Drivers/STM32F3xx_HAL_Driver/Src/stm32f3xx_hal_i2c.o
 .debug_frame   0x00001eb8      0x100 ./Drivers/STM32F3xx_HAL_Driver/Src/stm32f3xx_hal_i2c_ex.o
 .debug_frame   0x00001fb8      0x214 ./Drivers/STM32F3xx_HAL_Driver/Src/stm32f3xx_hal_rcc.o
 .debug_frame   0x000021cc       0xac ./Drivers/STM32F3xx_HAL_Driver/Src/stm32f3xx_hal_rcc_ex.o
 .debug_frame   0x00002278     0x1218 ./Drivers/STM32F3xx_HAL_Driver/Src/stm32f3xx_hal_tim.o
 .debug_frame   0x00003490      0x688 ./Drivers/STM32F3xx_HAL_Driver/Src/stm32f3xx_hal_tim_ex.o
 .debug_frame   0x00003b18      0x9e8 ./Drivers/STM32F3xx_HAL_Driver/Src/stm32f3xx_hal_uart.o
 .debug_frame   0x00004500      0x1b4 ./Drivers/STM32F3xx_HAL_Driver/Src/stm32f3xx_hal_uart_ex.o
 .debug_frame   0x000046b4      0x144 C:/ST/STM32CubeIDE_1.19.0/STM32CubeIDE/plugins/com.st.stm32cube.ide.mcu.externaltools.gnu-tools-for-stm32.13.3.rel1.win32_1.0.0.202411081344/tools/bin/../lib/gcc/arm-none-eabi/13.3.1/../../../../arm-none-eabi/lib/thumb/v7e-m+fp/hard\libc_nano.a(libc_a-findfp.o)
 .debug_frame   0x000047f8       0x20 C:/ST/STM32CubeIDE_1.19.0/STM32CubeIDE/plugins/com.st.stm32cube.ide.mcu.externaltools.gnu-tools-for-stm32.13.3.rel1.win32_1.0.0.202411081344/tools/bin/../lib/gcc/arm-none-eabi/13.3.1/../../../../arm-none-eabi/lib/thumb/v7e-m+fp/hard\libc_nano.a(libc_a-memset.o)
 .debug_frame   0x00004818       0x20 C:/ST/STM32CubeIDE_1.19.0/STM32CubeIDE/plugins/com.st.stm32cube.ide.mcu.externaltools.gnu-tools-for-stm32.13.3.rel1.win32_1.0.0.202411081344/tools/bin/../lib/gcc/arm-none-eabi/13.3.1/../../../../arm-none-eabi/lib/thumb/v7e-m+fp/hard\libc_nano.a(libc_a-errno.o)
 .debug_frame   0x00004838       0x2c C:/ST/STM32CubeIDE_1.19.0/STM32CubeIDE/plugins/com.st.stm32cube.ide.mcu.externaltools.gnu-tools-for-stm32.13.3.rel1.win32_1.0.0.202411081344/tools/bin/../lib/gcc/arm-none-eabi/13.3.1/../../../../arm-none-eabi/lib/thumb/v7e-m+fp/hard\libc_nano.a(libc_a-init.o)
 .debug_frame   0x00004864       0x28 C:/ST/STM32CubeIDE_1.19.0/STM32CubeIDE/plugins/com.st.stm32cube.ide.mcu.externaltools.gnu-tools-for-stm32.13.3.rel1.win32_1.0.0.202411081344/tools/bin/../lib/gcc/arm-none-eabi/13.3.1/../../../../arm-none-eabi/lib/thumb/v7e-m+fp/hard\libc_nano.a(libc_a-memcpy-stub.o)
 .debug_frame   0x0000488c       0x20 C:/ST/STM32CubeIDE_1.19.0/STM32CubeIDE/plugins/com.st.stm32cube.ide.mcu.externaltools.gnu-tools-for-stm32.13.3.rel1.win32_1.0.0.202411081344/tools/bin/../lib/gcc/arm-none-eabi/13.3.1/../../../../arm-none-eabi/lib/thumb/v7e-m+fp/hard\libm.a(libm_a-wf_atan2.o)
 .debug_frame   0x000048ac       0x38 C:/ST/STM32CubeIDE_1.19.0/STM32CubeIDE/plugins/com.st.stm32cube.ide.mcu.externaltools.gnu-tools-for-stm32.13.3.rel1.win32_1.0.0.202411081344/tools/bin/../lib/gcc/arm-none-eabi/13.3.1/../../../../arm-none-eabi/lib/thumb/v7e-m+fp/hard\libm.a(libm_a-wf_sqrt.o)
 .debug_frame   0x000048e4       0x20 C:/ST/STM32CubeIDE_1.19.0/STM32CubeIDE/plugins/com.st.stm32cube.ide.mcu.externaltools.gnu-tools-for-stm32.13.3.rel1.win32_1.0.0.202411081344/tools/bin/../lib/gcc/arm-none-eabi/13.3.1/../../../../arm-none-eabi/lib/thumb/v7e-m+fp/hard\libm.a(libm_a-ef_sqrt.o)
 .debug_frame   0x00004904       0x30 C:/ST/STM32CubeIDE_1.19.0/STM32CubeIDE/plugins/com.st.stm32cube.ide.mcu.externaltools.gnu-tools-for-stm32.13.3.rel1.win32_1.0.0.202411081344/tools/bin/../lib/gcc/arm-none-eabi/13.3.1/../../../../arm-none-eabi/lib/thumb/v7e-m+fp/hard\libm.a(libm_a-ef_atan2.o)
 .debug_frame   0x00004934       0x2c C:/ST/STM32CubeIDE_1.19.0/STM32CubeIDE/plugins/com.st.stm32cube.ide.mcu.externaltools.gnu-tools-for-stm32.13.3.rel1.win32_1.0.0.202411081344/tools/bin/../lib/gcc/arm-none-eabi/13.3.1/../../../../arm-none-eabi/lib/thumb/v7e-m+fp/hard\libm.a(libm_a-sf_atan.o)
 .debug_frame   0x00004960       0x20 C:/ST/STM32CubeIDE_1.19.0/STM32CubeIDE/plugins/com.st.stm32cube.ide.mcu.externaltools.gnu-tools-for-stm32.13.3.rel1.win32_1.0.0.202411081344/tools/bin/../lib/gcc/arm-none-eabi/13.3.1/../../../../arm-none-eabi/lib/thumb/v7e-m+fp/hard\libm.a(libm_a-sf_fabs.o)

.debug_line_str
                0x00000000       0x67
 .debug_line_str
                0x00000000       0x67 ./Core/Startup/startup_stm32f303k8tx.o
