../Core/Src/comm_rpizero2w/comm_rpizero2w.c:18:13:StartRx	8	static
../Core/Src/comm_rpizero2w/comm_rpizero2w.c:23:6:Comm_Init	8	static
../Core/Src/comm_rpizero2w/comm_rpizero2w.c:31:6:Comm_Task	4	static
../Core/Src/comm_rpizero2w/comm_rpizero2w.c:36:6:HAL_UART_RxCpltCallback	24	static
../Core/Src/comm_rpizero2w/comm_rpizero2w.c:70:16:checksum_xor	24	static
../Core/Src/comm_rpizero2w/comm_rpizero2w.c:77:6:Comm_SendDistance	24	static
../Core/Src/comm_rpizero2w/comm_rpizero2w.c:93:6:HAL_UART_ErrorCallback	16	static
